Component: ARM Compiler 5.06 update 5 (build 528) Tool: armlink [4d35e2]

==============================================================================

Section Cross References

    startup_stm32f407xx.o(STACK) refers (Special) to heapauxi.o(.text) for __use_two_region_memory
    startup_stm32f407xx.o(HEAP) refers (Special) to heapauxi.o(.text) for __use_two_region_memory
    startup_stm32f407xx.o(RESET) refers (Special) to heapauxi.o(.text) for __use_two_region_memory
    startup_stm32f407xx.o(RESET) refers to startup_stm32f407xx.o(STACK) for __initial_sp
    startup_stm32f407xx.o(RESET) refers to startup_stm32f407xx.o(.text) for Reset_Handler
    startup_stm32f407xx.o(RESET) refers to system.o(i.SysTick_Handler) for SysTick_Handler
    startup_stm32f407xx.o(RESET) refers to exti.o(i.EXTI0_IRQHandler) for EXTI0_IRQHandler
    startup_stm32f407xx.o(RESET) refers to exti.o(i.EXTI1_IRQHandler) for EXTI1_IRQHandler
    startup_stm32f407xx.o(RESET) refers to exti.o(i.EXTI2_IRQHandler) for EXTI2_IRQHandler
    startup_stm32f407xx.o(RESET) refers to exti.o(i.EXTI3_IRQHandler) for EXTI3_IRQHandler
    startup_stm32f407xx.o(RESET) refers to exti.o(i.EXTI4_IRQHandler) for EXTI4_IRQHandler
    startup_stm32f407xx.o(RESET) refers to dma_stm32f4xx.o(i.DMA1_Stream0_IRQHandler) for DMA1_Stream0_IRQHandler
    startup_stm32f407xx.o(RESET) refers to dma_stm32f4xx.o(i.DMA1_Stream1_IRQHandler) for DMA1_Stream1_IRQHandler
    startup_stm32f407xx.o(RESET) refers to dma_stm32f4xx.o(i.DMA1_Stream2_IRQHandler) for DMA1_Stream2_IRQHandler
    startup_stm32f407xx.o(RESET) refers to dma_stm32f4xx.o(i.DMA1_Stream3_IRQHandler) for DMA1_Stream3_IRQHandler
    startup_stm32f407xx.o(RESET) refers to dma_stm32f4xx.o(i.DMA1_Stream4_IRQHandler) for DMA1_Stream4_IRQHandler
    startup_stm32f407xx.o(RESET) refers to dma_stm32f4xx.o(i.DMA1_Stream5_IRQHandler) for DMA1_Stream5_IRQHandler
    startup_stm32f407xx.o(RESET) refers to dma_stm32f4xx.o(i.DMA1_Stream6_IRQHandler) for DMA1_Stream6_IRQHandler
    startup_stm32f407xx.o(RESET) refers to exti.o(i.EXTI9_5_IRQHandler) for EXTI9_5_IRQHandler
    startup_stm32f407xx.o(RESET) refers to timer.o(i.TIM1_CC_IRQHandler) for TIM1_CC_IRQHandler
    startup_stm32f407xx.o(RESET) refers to timer.o(i.TIM2_IRQHandler) for TIM2_IRQHandler
    startup_stm32f407xx.o(RESET) refers to timer.o(i.TIM3_IRQHandler) for TIM3_IRQHandler
    startup_stm32f407xx.o(RESET) refers to timer.o(i.TIM4_IRQHandler) for TIM4_IRQHandler
    startup_stm32f407xx.o(RESET) refers to serial_uart_stm32f4xx.o(i.USART1_IRQHandler) for USART1_IRQHandler
    startup_stm32f407xx.o(RESET) refers to serial_uart_stm32f4xx.o(i.USART3_IRQHandler) for USART3_IRQHandler
    startup_stm32f407xx.o(RESET) refers to exti.o(i.EXTI15_10_IRQHandler) for EXTI15_10_IRQHandler
    startup_stm32f407xx.o(RESET) refers to dma_stm32f4xx.o(i.DMA1_Stream7_IRQHandler) for DMA1_Stream7_IRQHandler
    startup_stm32f407xx.o(RESET) refers to dma_stm32f4xx.o(i.DMA2_Stream0_IRQHandler) for DMA2_Stream0_IRQHandler
    startup_stm32f407xx.o(RESET) refers to dma_stm32f4xx.o(i.DMA2_Stream1_IRQHandler) for DMA2_Stream1_IRQHandler
    startup_stm32f407xx.o(RESET) refers to dma_stm32f4xx.o(i.DMA2_Stream2_IRQHandler) for DMA2_Stream2_IRQHandler
    startup_stm32f407xx.o(RESET) refers to dma_stm32f4xx.o(i.DMA2_Stream3_IRQHandler) for DMA2_Stream3_IRQHandler
    startup_stm32f407xx.o(RESET) refers to dma_stm32f4xx.o(i.DMA2_Stream4_IRQHandler) for DMA2_Stream4_IRQHandler
    startup_stm32f407xx.o(RESET) refers to dma_stm32f4xx.o(i.DMA2_Stream5_IRQHandler) for DMA2_Stream5_IRQHandler
    startup_stm32f407xx.o(RESET) refers to dma_stm32f4xx.o(i.DMA2_Stream6_IRQHandler) for DMA2_Stream6_IRQHandler
    startup_stm32f407xx.o(RESET) refers to dma_stm32f4xx.o(i.DMA2_Stream7_IRQHandler) for DMA2_Stream7_IRQHandler
    startup_stm32f407xx.o(RESET) refers to serial_uart_stm32f4xx.o(i.USART6_IRQHandler) for USART6_IRQHandler
    startup_stm32f407xx.o(.text) refers (Special) to heapauxi.o(.text) for __use_two_region_memory
    startup_stm32f407xx.o(.text) refers to system_stm32f4xx.o(i.SystemInit) for SystemInit
    startup_stm32f407xx.o(.text) refers to __main.o(!!!main) for __main
    startup_stm32f407xx.o(.text) refers to startup_stm32f407xx.o(HEAP) for Heap_Mem
    startup_stm32f407xx.o(.text) refers to startup_stm32f407xx.o(STACK) for Stack_Mem
    stm32f4xx_flash.o(i.FLASH_EraseAllBank1Sectors) refers to stm32f4xx_flash.o(i.FLASH_WaitForLastOperation) for FLASH_WaitForLastOperation
    stm32f4xx_flash.o(i.FLASH_EraseAllBank2Sectors) refers to stm32f4xx_flash.o(i.FLASH_WaitForLastOperation) for FLASH_WaitForLastOperation
    stm32f4xx_flash.o(i.FLASH_EraseAllSectors) refers to stm32f4xx_flash.o(i.FLASH_WaitForLastOperation) for FLASH_WaitForLastOperation
    stm32f4xx_flash.o(i.FLASH_EraseSector) refers to stm32f4xx_flash.o(i.FLASH_WaitForLastOperation) for FLASH_WaitForLastOperation
[...]
    NVIC_Init                                0x080012ed   Thumb Code    96  misc.o(i.NVIC_Init)
    NVIC_PriorityGroupConfig                 0x08001351   Thumb Code    10  misc.o(i.NVIC_PriorityGroupConfig)
    RCC_AHB1PeriphClockCmd                   0x08001365   Thumb Code    18  stm32f4xx_rcc.o(i.RCC_AHB1PeriphClockCmd)
    RCC_AHB1PeriphResetCmd                   0x0800137d   Thumb Code    18  stm32f4xx_rcc.o(i.RCC_AHB1PeriphResetCmd)
    RCC_AHB2PeriphClockCmd                   0x08001395   Thumb Code    18  stm32f4xx_rcc.o(i.RCC_AHB2PeriphClockCmd)
    RCC_APB1PeriphClockCmd                   0x080013ad   Thumb Code    18  stm32f4xx_rcc.o(i.RCC_APB1PeriphClockCmd)
    RCC_APB1PeriphResetCmd                   0x080013c5   Thumb Code    18  stm32f4xx_rcc.o(i.RCC_APB1PeriphResetCmd)
    RCC_APB2PeriphClockCmd                   0x080013dd   Thumb Code    18  stm32f4xx_rcc.o(i.RCC_APB2PeriphClockCmd)
    RCC_APB2PeriphResetCmd                   0x080013f5   Thumb Code    18  stm32f4xx_rcc.o(i.RCC_APB2PeriphResetCmd)
    RCC_ClearFlag                            0x0800140d   Thumb Code    12  stm32f4xx_rcc.o(i.RCC_ClearFlag)
    RCC_ClockCmd                             0x0800141d   Thumb Code    36  rcc.o(i.RCC_ClockCmd)
    RCC_GetClocksFreq                        0x08001441   Thumb Code   132  stm32f4xx_rcc.o(i.RCC_GetClocksFreq)
    RCC_ResetCmd                             0x080014d1   Thumb Code    36  rcc.o(i.RCC_ResetCmd)
    ResetLedStatusConfig                     0x080014f5   Thumb Code    32  config.o(i.ResetLedStatusConfig)
    ResetLedTimerConfig                      0x08001515   Thumb Code    40  config.o(i.ResetLedTimerConfig)
    ResetMotorConfig                         0x08001541   Thumb Code    70  config.o(i.ResetMotorConfig)
    ResetSerialConfig                        0x0800158d   Thumb Code    54  config.o(i.ResetSerialConfig)
    ResetSerialPinConfig                     0x080015c9   Thumb Code    94  config.o(i.ResetSerialPinConfig)
    SPI_Cmd                                  0x0800162d   Thumb Code    20  stm32f4xx_spi.o(i.SPI_Cmd)
    SPI_I2S_DeInit                           0x08001641   Thumb Code   108  stm32f4xx_spi.o(i.SPI_I2S_DeInit)
    SPI_I2S_GetFlagStatus                    0x080016c5   Thumb Code    14  stm32f4xx_spi.o(i.SPI_I2S_GetFlagStatus)
    SPI_I2S_ReceiveData                      0x080016d3   Thumb Code     4  stm32f4xx_spi.o(i.SPI_I2S_ReceiveData)
    SPI_I2S_SendData                         0x080016d7   Thumb Code     4  stm32f4xx_spi.o(i.SPI_I2S_SendData)
    SPI_Init                                 0x080016db   Thumb Code    56  stm32f4xx_spi.o(i.SPI_Init)
    SetSysClock                              0x08001715   Thumb Code   162  system_stm32f4xx.o(i.SetSysClock)
    SysTick_Handler                          0x080017c9   Thumb Code    30  system.o(i.SysTick_Handler)
    SysTick_Init                             0x080017ed   Thumb Code    24  system.o(i.SysTick_Init)
    SystemInit                               0x08001811   Thumb Code    74  system_stm32f4xx.o(i.SystemInit)
    TIM1_CC_IRQHandler                       0x0800186d   Thumb Code     8  timer.o(i.TIM1_CC_IRQHandler)
    TIM2_IRQHandler                          0x0800187d   Thumb Code    10  timer.o(i.TIM2_IRQHandler)
    TIM3_IRQHandler                          0x0800188d   Thumb Code     8  timer.o(i.TIM3_IRQHandler)
    TIM4_IRQHandler                          0x0800189d   Thumb Code     8  timer.o(i.TIM4_IRQHandler)
    TIM_Cmd                                  0x080018ad   Thumb Code    20  stm32f4xx_tim.o(i.TIM_Cmd)
    TIM_CtrlPWMOutputs                       0x080018c1   Thumb Code    22  stm32f4xx_tim.o(i.TIM_CtrlPWMOutputs)
    TIM_OC1Init                              0x080018d9   Thumb Code    88  stm32f4xx_tim.o(i.TIM_OC1Init)
    TIM_OC1PreloadConfig                     0x08001939   Thumb Code    12  stm32f4xx_tim.o(i.TIM_OC1PreloadConfig)
    TIM_OC2Init                              0x08001945   Thumb Code   120  stm32f4xx_tim.o(i.TIM_OC2Init)
    TIM_OC2PreloadConfig                     0x080019c5   Thumb Code    20  stm32f4xx_tim.o(i.TIM_OC2PreloadConfig)
    TIM_OC3Init                              0x080019d9   Thumb Code   116  stm32f4xx_tim.o(i.TIM_OC3Init)
    TIM_OC3PreloadConfig                     0x08001a55   Thumb Code    12  stm32f4xx_tim.o(i.TIM_OC3PreloadConfig)
    TIM_OC4Init                              0x08001a61   Thumb Code    88  stm32f4xx_tim.o(i.TIM_OC4Init)
    TIM_OC4PreloadConfig                     0x08001ac1   Thumb Code    20  stm32f4xx_tim.o(i.TIM_OC4PreloadConfig)
    TIM_OCStructInit                         0x08001ad5   Thumb Code    20  stm32f4xx_tim.o(i.TIM_OCStructInit)
    TIM_TimeBaseInit                         0x08001ae9   Thumb Code    96  stm32f4xx_tim.o(i.TIM_TimeBaseInit)
    TIM_TimeBaseStructInit                   0x08001b65   Thumb Code    18  stm32f4xx_tim.o(i.TIM_TimeBaseStructInit)
    USART1_IRQHandler                        0x08001b79   Thumb Code    10  serial_uart_stm32f4xx.o(i.USART1_IRQHandler)
    USART3_IRQHandler                        0x08001b89   Thumb Code    10  serial_uart_stm32f4xx.o(i.USART3_IRQHandler)
    USART6_IRQHandler                        0x08001b99   Thumb Code    10  serial_uart_stm32f4xx.o(i.USART6_IRQHandler)
    USART_ClearITPendingBit                  0x08001ba9   Thumb Code    12  stm32f4xx_usart.o(i.USART_ClearITPendingBit)
    USART_Cmd                                0x08001bb5   Thumb Code    20  stm32f4xx_usart.o(i.USART_Cmd)
    USART_DMACmd                             0x08001bc9   Thumb Code    16  stm32f4xx_usart.o(i.USART_DMACmd)
    USART_GetITStatus                        0x08001bd9   Thumb Code    62  stm32f4xx_usart.o(i.USART_GetITStatus)
    USART_HalfDuplexCmd                      0x08001c17   Thumb Code    20  stm32f4xx_usart.o(i.USART_HalfDuplexCmd)
    USART_ITConfig                           0x08001c2b   Thumb Code    48  stm32f4xx_usart.o(i.USART_ITConfig)
    USART_Init                               0x08001c5d   Thumb Code   164  stm32f4xx_usart.o(i.USART_Init)
    USART_SendData                           0x08001d09   Thumb Code     8  stm32f4xx_usart.o(i.USART_SendData)
    activateConfig                           0x08001d11   Thumb Code    38  config.o(i.activateConfig)
    afatfs_chdir                             0x08002251   Thumb Code   102  asyncfatfs.o(i.afatfs_chdir)
    afatfs_fclose                            0x0800261d   Thumb Code    50  asyncfatfs.o(i.afatfs_fclose)
    afatfs_findFirst                         0x08002a65   Thumb Code    20  asyncfatfs.o(i.afatfs_findFirst)
    afatfs_findLast                          0x08002a79   Thumb Code     4  asyncfatfs.o(i.afatfs_findLast)
    afatfs_findNext                          0x08002a7d   Thumb Code    84  asyncfatfs.o(i.afatfs_findNext)
    afatfs_flush                             0x08002ad1   Thumb Code    80  asyncfatfs.o(i.afatfs_flush)
    afatfs_fopen                             0x08002b29   Thumb Code    82  asyncfatfs.o(i.afatfs_fopen)
    afatfs_fputc                             0x08002b7d   Thumb Code    56  asyncfatfs.o(i.afatfs_fputc)
    afatfs_fseek                             0x08002bb9   Thumb Code   128  asyncfatfs.o(i.afatfs_fseek)
    afatfs_ftruncate                         0x08002d77   Thumb Code    58  asyncfatfs.o(i.afatfs_ftruncate)
    afatfs_fwrite                            0x08002e65   Thumb Code   100  asyncfatfs.o(i.afatfs_fwrite)
    afatfs_getFilesystemState                0x08002f39   Thumb Code     6  asyncfatfs.o(i.afatfs_getFilesystemState)
    afatfs_getFreeBufferSpace                0x08002f45   Thumb Code    42  asyncfatfs.o(i.afatfs_getFreeBufferSpace)
    afatfs_init                              0x08002f75   Thumb Code    20  asyncfatfs.o(i.afatfs_init)
    afatfs_isFull                            0x08003081   Thumb Code     8  asyncfatfs.o(i.afatfs_isFull)
    afatfs_mkdir                             0x0800308d   Thumb Code    38  asyncfatfs.o(i.afatfs_mkdir)
    afatfs_poll                              0x08003199   Thumb Code    70  asyncfatfs.o(i.afatfs_poll)
    blackboxDeviceBeginLog                   0x080033b1   Thumb Code    18  blackbox_io.o(i.blackboxDeviceBeginLog)
    blackboxDeviceOpen                       0x080033c9   Thumb Code    50  blackbox_io.o(i.blackboxDeviceOpen)
    blackboxPrint                            0x0800347d   Thumb Code    36  blackbox_io.o(i.blackboxPrint)
    blackboxReplenishHeaderBudget            0x080034a9   Thumb Code    60  blackbox_io.o(i.blackboxReplenishHeaderBudget)
    blackboxStopLogging                      0x08003611   Thumb Code    10  blackbox_io.o(i.blackboxStopLogging)
    blackboxWrite                            0x08003621   Thumb Code    26  blackbox_io.o(i.blackboxWrite)
    calculateRxChannelsAndUpdateFailsafe     0x080036a5   Thumb Code    48  rx.o(i.calculateRxChannelsAndUpdateFailsafe)
    checkEEPROMContainsValidData             0x080036d9   Thumb Code     4  config.o(i.checkEEPROMContainsValidData)
    configTimeBaseMhz                        0x080036dd   Thumb Code    68  timer.o(i.configTimeBaseMhz)
    createDefaultConfig                      0x08003739   Thumb Code   496  config.o(i.createDefaultConfig)
    delay                                    0x08003945   Thumb Code    22  system.o(i.delay)
    delayMicroseconds                        0x0800395d   Thumb Code    24  system.o(i.delayMicroseconds)
    fat16_isEndOfChainMarker                 0x08003a85   Thumb Code    16  fat_standard.o(i.fat16_isEndOfChainMarker)
    fat32_decodeClusterNumber                0x08003a95   Thumb Code     6  fat_standard.o(i.fat32_decodeClusterNumber)
    fat32_isEndOfChainMarker                 0x08003a9d   Thumb Code    14  fat_standard.o(i.fat32_isEndOfChainMarker)
    fat_convertFilenameToFATStyle            0x08003ab1   Thumb Code    80  fat_standard.o(i.fat_convertFilenameToFATStyle)
    fat_isDirectoryEntryEmpty                0x08003b01   Thumb Code    14  fat_standard.o(i.fat_isDirectoryEntryEmpty)
    fat_isDirectoryEntryTerminator           0x08003b0f   Thumb Code    12  fat_standard.o(i.fat_isDirectoryEntryTerminator)
    fat_isFreeSpace                          0x08003b1b   Thumb Code    10  fat_standard.o(i.fat_isFreeSpace)
    fcTasksInit                              0x08003b25   Thumb Code    58  fc_tasks.o(i.fcTasksInit)
    feature                                  0x08003b61   Thumb Code    16  feature.o(i.feature)
    featureClear                             0x08003b75   Thumb Code    10  feature.o(i.featureClear)
    featureConfigured                        0x08003b85   Thumb Code    16  feature.o(i.featureConfigured)
    featureSet                               0x08003b99   Thumb Code    10  feature.o(i.featureSet)
    findNextSerialPortConfig                 0x08003ba9   Thumb Code    36  serial.o(i.findNextSerialPortConfig)
    findSerialPortConfig                     0x08003bd1   Thumb Code    10  serial.o(i.findSerialPortConfig)
    findSerialPortIndexByIdentifier          0x08003be1   Thumb Code    24  serial.o(i.findSerialPortIndexByIdentifier)
    findSerialPortUsageByIdentifier          0x08003bfd   Thumb Code    36  serial.o(i.findSerialPortUsageByIdentifier)
    fputc                                    0x08003c25   Thumb Code    14  main.o(i.fputc)
    generateThrottleCurve                    0x08003c45   Thumb Code   116  fc_rc.o(i.generateThrottleCurve)
    getMotorCount                            0x08003cc1   Thumb Code     6  mixer.o(i.getMotorCount)
    handleBlackbox                           0x08003cf9   Thumb Code   132  blackbox.o(i.handleBlackbox)
    initBlackbox                             0x08003dbd   Thumb Code    44  blackbox.o(i.initBlackbox)
    initEEPROM                               0x08003ded   Thumb Code     2  config_eeprom.o(i.initEEPROM)
    initEscEndpoints                         0x08003df1   Thumb Code    38  mixer.o(i.initEscEndpoints)
    intFeatureClearAll                       0x08003e1d   Thumb Code     6  feature.o(i.intFeatureClearAll)
    intFeatureSet                            0x08003e23   Thumb Code     8  feature.o(i.intFeatureSet)
    isModeActivationConditionPresent         0x08003e2b   Thumb Code    38  rc_controls.o(i.isModeActivationConditionPresent)
    isUartTransmitBufferEmpty                0x08003e51   Thumb Code    26  serial_uart.o(i.isUartTransmitBufferEmpty)
    latchActiveFeatures                      0x08003e6d   Thumb Code    10  feature.o(i.latchActiveFeatures)
    main                                     0x08003ec9   Thumb Code   202  main.o(i.main)
    micros                                   0x08003fa5   Thumb Code    74  system.o(i.micros)
    microsISR                                0x08003ff9   Thumb Code    72  system.o(i.microsISR)
    millis                                   0x08004045   Thumb Code     6  system.o(i.millis)
    mixTable                                 0x08004051   Thumb Code    28  mixer.o(i.mixTable)
    mixerConfigurationOutput                 0x08004079   Thumb Code    44  mixer.o(i.mixerConfigurationOutput)
    mixerInit                                0x080040b1   Thumb Code    10  mixer.o(i.mixerInit)
    mixerResetDisarmedMotors                 0x080040c1   Thumb Code    24  mixer.o(i.mixerResetDisarmedMotors)
    mixerUseConfigs                          0x080040e1   Thumb Code     8  mixer.o(i.mixerUseConfigs)
    motorInit                                0x080040ed   Thumb Code   252  pwm_output.o(i.motorInit)
    mwArm                                    0x08004205   Thumb Code    46  fc_core.o(i.mwArm)
    openSerialPort                           0x08004241   Thumb Code    94  serial.o(i.openSerialPort)
    parseRcChannels                          0x080042ad   Thumb Code    50  rx.o(i.parseRcChannels)
    processRcStickPositions                  0x080042e5   Thumb Code    14  rc_controls.o(i.processRcStickPositions)
    processRx                                0x080042f9   Thumb Code    14  fc_core.o(i.processRx)
    pwmAreMotorsEnabled                      0x08004309   Thumb Code     6  pwm_output.o(i.pwmAreMotorsEnabled)
    pwmCompleteMotorUpdate                   0x08004315   Thumb Code     6  pwm_output.o(i.pwmCompleteMotorUpdate)
    pwmWriteMotor                            0x080043fd   Thumb Code     6  pwm_output.o(i.pwmWriteMotor)
    queueAdd                                 0x08004421   Thumb Code    86  scheduler.o(i.queueAdd)
    queueClear                               0x08004481   Thumb Code    20  scheduler.o(i.queueClear)
    queueContains                            0x0800449d   Thumb Code    34  scheduler.o(i.queueContains)
    queueFirst                               0x080044c9   Thumb Code    12  scheduler.o(i.queueFirst)
    queueNext                                0x080044dd   Thumb Code    16  scheduler.o(i.queueNext)
    queueRemove                              0x080044f5   Thumb Code    54  scheduler.o(i.queueRemove)
    readBitfield                             0x08004535   Thumb Code    58  sdcard_standard.o(i.readBitfield)
    readEEPROM                               0x08004571   Thumb Code    24  config_eeprom.o(i.readEEPROM)
    resetAllRxChannelRangeConfigurations     0x08004605   Thumb Code    24  rx.o(i.resetAllRxChannelRangeConfigurations)
    resetEEPROM                              0x0800461d   Thumb Code    18  config.o(i.resetEEPROM)
    resetProfile                             0x080046f9   Thumb Code    92  config.o(i.resetProfile)
    resetRcControlsConfig                    0x08004755   Thumb Code    16  config.o(i.resetRcControlsConfig)
    rxInit                                   0x08004765   Thumb Code   180  rx.o(i.rxInit)
    rxSerial3TestInit                        0x0800483d   Thumb Code    40  rxserial3test.o(i.rxSerial3TestInit)
    rxSerial3TestWrite                       0x08004869   Thumb Code    10  rxserial3test.o(i.rxSerial3TestWrite)
    rxUpdateCheck                            0x08004879   Thumb Code    76  rx.o(i.rxUpdateCheck)
    sbusInit                                 0x080049f5   Thumb Code   104  sbus.o(i.sbusInit)
    scaleRange                               0x08004a8d   Thumb Code    24  maths.o(i.scaleRange)
    scheduler                                0x08004aa5   Thumb Code   372  scheduler.o(i.scheduler)
    schedulerInit                            0x08004c31   Thumb Code    22  scheduler.o(i.schedulerInit)
    sdcardInsertionDetectInit                0x08004c51   Thumb Code    32  sdcard.o(i.sdcardInsertionDetectInit)
    sdcard_beginWriteBlocks                  0x08004c75   Thumb Code    98  sdcard.o(i.sdcard_beginWriteBlocks)
    sdcard_init                              0x08004de5   Thumb Code   120  sdcard.o(i.sdcard_init)
    sdcard_isInserted                        0x08004e6d   Thumb Code    16  sdcard.o(i.sdcard_isInserted)
    sdcard_poll                              0x08004e81   Thumb Code   698  sdcard.o(i.sdcard_poll)
    sdcard_readBlock                         0x08005145   Thumb Code    92  sdcard.o(i.sdcard_readBlock)
    sdcard_writeBlock                        0x08005389   Thumb Code   154  sdcard.o(i.sdcard_writeBlock)
    serialInit                               0x0800542d   Thumb Code    38  serial.o(i.serialInit)
    serialRxInit                             0x08005461   Thumb Code    18  rx.o(i.serialRxInit)
    serialUART                               0x08005475   Thumb Code   264  serial_uart_stm32f4xx.o(i.serialUART)
    serialUART1                              0x08005585   Thumb Code    12  serial_uart_stm32f4xx.o(i.serialUART1)
    serialUART3                              0x08005591   Thumb Code    12  serial_uart_stm32f4xx.o(i.serialUART3)
    serialUART6                              0x0800559d   Thumb Code    12  serial_uart_stm32f4xx.o(i.serialUART6)
    serialWrite                              0x080055a9   Thumb Code     6  serial.o(i.serialWrite)
    setProfile                               0x080055b1   Thumb Code    42  config.o(i.setProfile)
    setTaskEnabled                           0x080055e5   Thumb Code    44  scheduler.o(i.setTaskEnabled)
    spiDeviceByInstance                      0x08005619   Thumb Code    36  bus_spi.o(i.spiDeviceByInstance)
    spiInit                                  0x08005649   Thumb Code    28  bus_spi.o(i.spiInit)
    spiInitDevice                            0x08005665   Thumb Code   258  bus_spi.o(i.spiInitDevice)
    spiIsBusBusy                             0x0800577d   Thumb Code    32  bus_spi.o(i.spiIsBusBusy)
    spiSetDivisor                            0x0800579d   Thumb Code   138  bus_spi.o(i.spiSetDivisor)
    spiTimeoutUserCallback                   0x08005829   Thumb Code    32  bus_spi.o(i.spiTimeoutUserCallback)
    spiTransfer                              0x0800584d   Thumb Code   146  bus_spi.o(i.spiTransfer)
    spiTransferByte                          0x08005915   Thumb Code    82  bus_spi.o(i.spiTransferByte)
    startBlackbox                            0x08005969   Thumb Code    48  blackbox.o(i.startBlackbox)
    systemInit                               0x080059a1   Thumb Code    70  main.o(i.systemInit)
    targetConfiguration                      0x080059f1   Thumb Code    54  config.o(i.targetConfiguration)
    taskLed3                                 0x08005a27   Thumb Code     6  led.o(i.taskLed3)
    taskLed4                                 0x08005a2d   Thumb Code     6  led.o(i.taskLed4)
    taskLed5                                 0x08005a33   Thumb Code     6  led.o(i.taskLed5)
    taskLed6                                 0x08005a39   Thumb Code     6  led.o(i.taskLed6)
    taskMainPidLoop                          0x08005a41   Thumb Code    86  fc_core.o(i.taskMainPidLoop)
    taskSystem                               0x08005aa5   Thumb Code    28  scheduler.o(i.taskSystem)
    taskUpdateRxMain                         0x08005ac5   Thumb Code    20  fc_tasks.o(i.taskUpdateRxMain)
    timerChCCR                               0x08005b57   Thumb Code    10  timer.o(i.timerChCCR)
    timerClockDivisor                        0x08005b61   Thumb Code    38  timer_stm32f4xx.o(i.timerClockDivisor)
    timerForceOverflow                       0x08005b9d   Thumb Code    46  timer.o(i.timerForceOverflow)
    timerGetByTag                            0x08005bd1   Thumb Code    54  timer.o(i.timerGetByTag)
    timerInit                                0x08005c0d   Thumb Code   120  timer.o(i.timerInit)
    timerOCInit                              0x08005c91   Thumb Code    40  timer.o(i.timerOCInit)
    timerOCPreloadConfig                     0x08005cb9   Thumb Code    40  timer.o(i.timerOCPreloadConfig)
    timerRCC                                 0x08005ce1   Thumb Code    30  timer.o(i.timerRCC)
    uartIrqHandler                           0x08005d05   Thumb Code   150  serial_uart_stm32f4xx.o(i.uartIrqHandler)
    uartOpen                                 0x08005d9d   Thumb Code   360  serial_uart.o(i.uartOpen)
    uartRead                                 0x08005f11   Thumb Code    44  serial_uart.o(i.uartRead)
    uartSetBaudRate                          0x08005fc9   Thumb Code     6  serial_uart.o(i.uartSetBaudRate)
    uartSetMode                              0x08005fcf   Thumb Code     6  serial_uart.o(i.uartSetMode)
    uartStartTxDMA                           0x08005fd5   Thumb Code    74  serial_uart.o(i.uartStartTxDMA)
    uartTotalRxBytesWaiting                  0x0800601f   Thumb Code    24  serial_uart.o(i.uartTotalRxBytesWaiting)
    uartTotalTxBytesFree                     0x08006037   Thumb Code    38  serial_uart.o(i.uartTotalTxBytesFree)
    uartWrite                                0x0800605d   Thumb Code    48  serial_uart.o(i.uartWrite)
    updateRcCommands                         0x0800608d   Thumb Code   274  fc_rc.o(i.updateRcCommands)
    useRcControlsConfig                      0x080061bd   Thumb Code    22  rc_controls.o(i.useRcControlsConfig)
    validateAndFixConfig                     0x080061d9   Thumb Code    64  config.o(i.validateAndFixConfig)
    validateAndFixGyroConfig                 0x08006219   Thumb Code    38  config.o(i.validateAndFixGyroConfig)
    validateBlackboxConfig                   0x08006245   Thumb Code    76  blackbox.o(i.validateBlackboxConfig)
    writeMotors                              0x08006295   Thumb Code    44  mixer.o(i.writeMotors)
    _get_lc_ctype                            0x080062c9   Thumb Code    44  lc_ctype_c.o(locale$$code)
    _fp_init                                 0x080062f5   Thumb Code    10  fpinit.o(x$fpl$fpinit)
    __fplib_config_fpu_vfp                   0x080062fd   Thumb Code     0  fpinit.o(x$fpl$fpinit)
    __fplib_config_pureend_doubles           0x080062fd   Thumb Code     0  fpinit.o(x$fpl$fpinit)
    timerHardware                            0x08006300   Data         168  target.o(.constdata)
    ioPortDefs                               0x080063c7   Data           6  io.o(.constdata)
    serialPortIdentifiers                    0x080063d8   Data           3  serial.o(.constdata)
    uartVTable                               0x080063dc   Data          40  serial_uart.o(.constdata)
    timerDefinitions                         0x08006404   Data         112  timer_stm32f4xx.o(.constdata)
    rcChannelLetters                         0x080064f3   Data          21  rx.o(.constdata)
    Region$$Table$$Base                      0x08006558   Number         0  anon$$obj.o(Region$$Table)
    Region$$Table$$Limit                     0x08006578   Number         0  anon$$obj.o(Region$$Table)
    __ctype                                  0x08006585   Data           0  lc_ctype_c.o(locale$$data)
    systemState                              0x20000010   Data           1  main.o(.data)
    __stdout                                 0x20000014   Data           4  main.o(.data)
    SystemCoreClock                          0x20000018   Data           4  system_stm32f4xx.o(.data)
    AHBPrescTable                            0x2000001c   Data          16  system_stm32f4xx.o(.data)
    sysTickUptime                            0x20000030   Data           4  system.o(.data)
    pwmMotorsEnabled                         0x20000220   Data           1  pwm_output.o(.data)
    timerInfo                                0x20000fcc   Data           6  timer.o(.data)
    currentProfile                           0x20000fd8   Data           4  config.o(.data)
    currentControlRateProfile                0x20000fdc   Data           4  config.o(.data)
    motorControlEnable                       0x20000fe0   Data           1  fc_core.o(.data)
    isRXDataNew                              0x20000fe8   Data           1  fc_core.o(.data)
    cfTasks                                  0x20000ff0   Data         520  fc_tasks.o(.data)
    rcCommand                                0x20001204   Data           8  rc_controls.o(.data)
    armingFlags                              0x2000120c   Data           1  runtime_config.o(.data)
    currentMixerMode                         0x20001211   Data           1  mixer.o(.data)
    motorOutputHigh                          0x20001214   Data           2  mixer.o(.data)
    motorOutputLow                           0x20001216   Data           2  mixer.o(.data)
    rxConfig                                 0x20001224   Data           4  mixer.o(.data)
    debug                                    0x20001258   Data           8  debug.o(.data)
    debugMode                                0x20001260   Data           1  debug.o(.data)
    blackboxHeaderBudget                     0x20001274   Data           4  blackbox_io.o(.data)
    averageSystemLoadPercentage              0x2000127a   Data           2  scheduler.o(.data)
    checkFuncMaxExecutionTime                0x20001290   Data           4  scheduler.o(.data)
    checkFuncTotalExecutionTime              0x20001294   Data           4  scheduler.o(.data)
    checkFuncMovingSumExecutionTime          0x20001298   Data           4  scheduler.o(.data)
    clocks                                   0x2000129c   Data          16  system.o(.bss)
    extiChannelRecs                          0x200012ac   Data          64  exti.o(.bss)
    ioRecs                                   0x200012ec   Data         640  io.o(.bss)
    timerConfig                              0x20001730   Data         240  timer.o(.bss)
    timerChannelInfo                         0x20001820   Data          14  timer.o(.bss)
    masterConfig                             0x20001830   Data         884  config.o(.bss)
    motor                                    0x20002d88   Data          24  mixer.o(.bss)
    motor_disarmed                           0x20002da0   Data          24  mixer.o(.bss)
    rxRuntimeConfig                          0x20002eb8   Data          12  rx.o(.bss)
    rcRaw                                    0x20002ec4   Data          36  rx.o(.bss)
    rcData                                   0x20002ee8   Data          36  rx.o(.bss)
    rcInvalidPulsPeriod                      0x20002f0c   Data          72  rx.o(.bss)
    taskQueueArray                           0x20003108   Data          44  scheduler.o(.bss)
    __libspace_start                         0x20003134   Data          96  libspace.o(.bss)
    __temporary_stack_top$libspace           0x20003194   Data           0  libspace.o(.bss)



==============================================================================

Memory Map of the image

  Image Entry point : 0x08000189

  Load Region LR_IROM1 (Base: 0x08000000, Size: 0x00007924, Max: 0x00100000, ABSOLUTE, COMPRESSED[0x00006800])

    Execution Region ER_IROM1 (Exec base: 0x08000000, Load base: 0x08000000, Size: 0x00006688, Max: 0x00100000, ABSOLUTE)

    Exec Addr    Load Addr    Size         Type   Attr      Idx    E Section Name        Object

    0x08000000   0x08000000   0x00000188   Data   RO            3    RESET               startup_stm32f407xx.o
    0x08000188   0x08000188   0x00000008   Code   RO         6604  * !!!main             c_w.l(__main.o)
    0x08000190   0x08000190   0x00000034   Code   RO         6955    !!!scatter          c_w.l(__scatter.o)
    0x080001c4   0x080001c4   0x0000005a   Code   RO         6953    !!dczerorl2         c_w.l(__dczerorl2.o)
    0x0800021e   0x0800021e   0x00000002   PAD
    0x08000220   0x08000220   0x0000001c   Code   RO         6957    !!handler_zi        c_w.l(__scatter_zi.o)
    0x0800023c   0x0800023c   0x00000000   Code   RO         6570    .ARM.Collect$$_printf_percent$$00000000  c_w.l(_printf_percent.o)
    0x0800023c   0x0800023c   0x00000006   Code   RO         6567    .ARM.Collect$$_printf_percent$$00000009  c_w.l(_printf_d.o)
    0x08000242   0x08000242   0x00000006   Code   RO         6568    .ARM.Collect$$_printf_percent$$0000000A  c_w.l(_printf_u.o)
    0x08000248   0x08000248   0x00000006   Code   RO         6565    .ARM.Collect$$_printf_percent$$00000014  c_w.l(_printf_s.o)
    0x0800024e   0x0800024e   0x00000004   Code   RO         6712    .ARM.Collect$$_printf_percent$$00000017  c_w.l(_printf_percent_end.o)
    0x08000252   0x08000252   0x00000002   Code   RO         6879    .ARM.Collect$$libinit$$00000000  c_w.l(libinit.o)
    0x08000254   0x08000254   0x00000004   Code   RO         6715    .ARM.Collect$$libinit$$00000001  c_w.l(libinit2.o)
    0x08000258   0x08000258   0x00000000   Code   RO         6718    .ARM.Collect$$libinit$$00000004  c_w.l(libinit2.o)
    0x08000258   0x08000258   0x00000000   Code   RO         6721    .ARM.Collect$$libinit$$0000000A  c_w.l(libinit2.o)
    0x08000258   0x08000258   0x00000000   Code   RO         6723    .ARM.Collect$$libinit$$0000000C  c_w.l(libinit2.o)
    0x08000258   0x08000258   0x00000000   Code   RO         6725    .ARM.Collect$$libinit$$0000000E  c_w.l(libinit2.o)
    0x08000258   0x08000258   0x00000006   Code   RO         6726    .ARM.Collect$$libinit$$0000000F  c_w.l(libinit2.o)
    0x0800025e   0x0800025e   0x00000000   Code   RO         6728    .ARM.Collect$$libinit$$00000011  c_w.l(libinit2.o)
    0x0800025e   0x0800025e   0x0000000c   Code   RO         6729    .ARM.Collect$$libinit$$00000012  c_w.l(libinit2.o)
    0x0800026a   0x0800026a   0x00000000   Code   RO         6730    .ARM.Collect$$libinit$$00000013  c_w.l(libinit2.o)
    0x0800026a   0x0800026a   0x00000000   Code   RO         6732    .ARM.Collect$$libinit$$00000015  c_w.l(libinit2.o)
    0x0800026a   0x0800026a   0x00000000   Code   RO         6734    .ARM.Collect$$libinit$$00000017  c_w.l(libinit2.o)
    0x0800026a   0x0800026a   0x00000000   Code   RO         6736    .ARM.Collect$$libinit$$00000019  c_w.l(libinit2.o)
    0x0800026a   0x0800026a   0x00000000   Code   RO         6738    .ARM.Collect$$libinit$$0000001B  c_w.l(libinit2.o)
    0x0800026a   0x0800026a   0x00000000   Code   RO         6740    .ARM.Collect$$libinit$$0000001D  c_w.l(libinit2.o)
    0x0800026a   0x0800026a   0x00000000   Code   RO         6742    .ARM.Collect$$libinit$$0000001F  c_w.l(libinit2.o)
    0x0800026a   0x0800026a   0x00000000   Code   RO         6744    .ARM.Collect$$libinit$$00000021  c_w.l(libinit2.o)
    0x0800026a   0x0800026a   0x00000000   Code   RO         6746    .ARM.Collect$$libinit$$00000023  c_w.l(libinit2.o)
    0x0800026a   0x0800026a   0x00000000   Code   RO         6748    .ARM.Collect$$libinit$$00000025  c_w.l(libinit2.o)
    0x0800026a   0x0800026a   0x00000000   Code   RO         6752    .ARM.Collect$$libinit$$0000002C  c_w.l(libinit2.o)
    0x0800026a   0x0800026a   0x00000000   Code   RO         6754    .ARM.Collect$$libinit$$0000002E  c_w.l(libinit2.o)
    0x0800026a   0x0800026a   0x00000000   Code   RO         6756    .ARM.Collect$$libinit$$00000030  c_w.l(libinit2.o)
    0x0800026a   0x0800026a   0x00000000   Code   RO         6758    .ARM.Collect$$libinit$$00000032  c_w.l(libinit2.o)
    0x0800026a   0x0800026a   0x00000002   Code   RO         6759    .ARM.Collect$$libinit$$00000033  c_w.l(libinit2.o)
    0x0800026c   0x0800026c   0x00000002   Code   RO         6914    .ARM.Collect$$libshutdown$$00000000  c_w.l(libshutdown.o)
    0x0800026e   0x0800026e   0x00000000   Code   RO         6920    .ARM.Collect$$libshutdown$$00000002  c_w.l(libshutdown2.o)
    0x0800026e   0x0800026e   0x00000000   Code   RO         6922    .ARM.Collect$$libshutdown$$00000004  c_w.l(libshutdown2.o)
    0x0800026e   0x0800026e   0x00000000   Code   RO         6925    .ARM.Collect$$libshutdown$$00000007  c_w.l(libshutdown2.o)
    0x0800026e   0x0800026e   0x00000000   Code   RO         6928    .ARM.Collect$$libshutdown$$0000000A  c_w.l(libshutdown2.o)
    0x0800026e   0x0800026e   0x00000000   Code   RO         6930    .ARM.Collect$$libshutdown$$0000000C  c_w.l(libshutdown2.o)
    0x0800026e   0x0800026e   0x00000000   Code   RO         6933    .ARM.Collect$$libshutdown$$0000000F  c_w.l(libshutdown2.o)
    0x0800026e   0x0800026e   0x00000002   Code   RO         6934    .ARM.Collect$$libshutdown$$00000010  c_w.l(libshutdown2.o)
    0x08000270   0x08000270   0x00000000   Code   RO         6692    .ARM.Collect$$rtentry$$00000000  c_w.l(__rtentry.o)
    0x08000270   0x08000270   0x00000000   Code   RO         6794    .ARM.Collect$$rtentry$$00000002  c_w.l(__rtentry2.o)
    0x08000270   0x08000270   0x00000006   Code   RO         6806    .ARM.Collect$$rtentry$$00000004  c_w.l(__rtentry4.o)
    0x08000276   0x08000276   0x00000000   Code   RO         6796    .ARM.Collect$$rtentry$$00000009  c_w.l(__rtentry2.o)
    0x08000276   0x08000276   0x00000004   Code   RO         6797    .ARM.Collect$$rtentry$$0000000A  c_w.l(__rtentry2.o)
    0x0800027a   0x0800027a   0x00000000   Code   RO         6799    .ARM.Collect$$rtentry$$0000000C  c_w.l(__rtentry2.o)
    0x0800027a   0x0800027a   0x00000008   Code   RO         6800    .ARM.Collect$$rtentry$$0000000D  c_w.l(__rtentry2.o)
    0x08000282   0x08000282   0x00000002   Code   RO         6882    .ARM.Collect$$rtexit$$00000000  c_w.l(rtexit.o)
    0x08000284   0x08000284   0x00000000   Code   RO         6894    .ARM.Collect$$rtexit$$00000002  c_w.l(rtexit2.o)
    0x08000284   0x08000284   0x00000004   Code   RO         6895    .ARM.Collect$$rtexit$$00000003  c_w.l(rtexit2.o)
    0x08000288   0x08000288   0x00000006   Code   RO         6896    .ARM.Collect$$rtexit$$00000004  c_w.l(rtexit2.o)
    0x0800028e   0x0800028e   0x00000002   PAD
    0x08000290   0x08000290   0x00000040   Code   RO            4    .text               startup_stm32f407xx.o
    0x080002d0   0x080002d0   0x0000001e   Code   RO         6512    .text               c_w.l(toupper.o)
    0x080002ee   0x080002ee   0x00000002   PAD
    0x080002f0   0x080002f0   0x00000018   Code   RO         6516    .text               c_w.l(noretval__2printf.o)
    0x08000308   0x08000308   0x00000068   Code   RO         6518    .text               c_w.l(__printf.o)
    0x08000370   0x08000370   0x00000052   Code   RO         6520    .text               c_w.l(_printf_str.o)
    0x080003c2   0x080003c2   0x00000002   PAD
    0x080003c4   0x080003c4   0x00000078   Code   RO         6522    .text               c_w.l(_printf_dec.o)
    0x0800043c   0x0800043c   0x0000001a   Code   RO         6571    .text               c_w.l(atoi.o)
    0x08000456   0x08000456   0x00000014   Code   RO         6578    .text               c_w.l(strchr.o)
    0x0800046a   0x0800046a   0x0000003e   Code   RO         6582    .text               c_w.l(strlen.o)
    0x080004a8   0x080004a8   0x00000096   Code   RO         6584    .text               c_w.l(strncmp.o)
    0x0800053e   0x0800053e   0x0000008a   Code   RO         6586    .text               c_w.l(rt_memcpy_v6.o)
    0x080005c8   0x080005c8   0x00000064   Code   RO         6588    .text               c_w.l(rt_memcpy_w.o)
    0x0800062c   0x0800062c   0x0000007a   Code   RO         6590    .text               c_w.l(rt_memmove_w.o)
    0x080006a6   0x080006a6   0x00000010   Code   RO         6592    .text               c_w.l(aeabi_memset.o)
    0x080006b6   0x080006b6   0x00000044   Code   RO         6594    .text               c_w.l(rt_memclr.o)
    0x080006fa   0x080006fa   0x0000004e   Code   RO         6596    .text               c_w.l(rt_memclr_w.o)
    0x08000748   0x08000748   0x00000056   Code   RO         6598    .text               c_w.l(strncpy.o)
    0x0800079e   0x0800079e   0x00000002   PAD
    0x080007a0   0x080007a0   0x00000080   Code   RO         6600    .text               c_w.l(strcmpv7m.o)
    0x08000820   0x08000820   0x00000006   Code   RO         6602    .text               c_w.l(heapauxi.o)
    0x08000826   0x08000826   0x00000002   PAD
    0x08000828   0x08000828   0x00000010   Code   RO         6693    .text               c_w.l(rt_ctype_table.o)
    0x08000838   0x08000838   0x00000008   Code   RO         6698    .text               c_w.l(rt_errno_addr_intlibspace.o)
    0x08000840   0x08000840   0x000000b2   Code   RO         6704    .text               c_w.l(_printf_intcommon.o)
    0x080008f2   0x080008f2   0x0000002c   Code   RO         6708    .text               c_w.l(_printf_char.o)
    0x0800091e   0x0800091e   0x00000002   PAD
    0x08000920   0x08000920   0x00000024   Code   RO         6710    .text               c_w.l(_printf_char_file.o)
    0x08000944   0x08000944   0x00000070   Code   RO         6713    .text               c_w.l(strtol.o)
    0x080009b4   0x080009b4   0x00000008   Code   RO         6790    .text               c_w.l(libspace.o)
    0x080009bc   0x080009bc   0x00000008   Code   RO         6811    .text               c_w.l(rt_locale_intlibspace.o)
    0x080009c4   0x080009c4   0x00000030   Code   RO         6815    .text               c_w.l(_printf_char_common.o)
    0x080009f4   0x080009f4   0x0000009e   Code   RO         6819    .text               c_w.l(_strtoul.o)
    0x08000a92   0x08000a92   0x00000008   Code   RO         6846    .text               c_w.l(ferror.o)
    0x08000a9a   0x08000a9a   0x0000004a   Code   RO         6862    .text               c_w.l(sys_stackheap_outer.o)
    0x08000ae4   0x08000ae4   0x0000001c   Code   RO         6866    .text               c_w.l(_chval.o)
    0x08000b00   0x08000b00   0x00000012   Code   RO         6868    .text               c_w.l(exit.o)
    0x08000b12   0x08000b12   0x00000002   Code   RO         6890    .text               c_w.l(use_no_semi.o)
    0x08000b14   0x08000b14   0x00000000   Code   RO         6892    .text               c_w.l(indicate_semi.o)
    0x08000b14   0x08000b14   0x0000000c   Code   RO         6906    .text               c_w.l(sys_exit.o)
    0x08000b20   0x08000b20   0x00000010   Code   RO         3051    i.DMA1_Stream0_IRQHandler  dma_stm32f4xx.o
    0x08000b30   0x08000b30   0x00000014   Code   RO         3052    i.DMA1_Stream1_IRQHandler  dma_stm32f4xx.o
    0x08000b44   0x08000b44   0x00000014   Code   RO         3053    i.DMA1_Stream2_IRQHandler  dma_stm32f4xx.o
    0x08000b58   0x08000b58   0x00000014   Code   RO         3054    i.DMA1_Stream3_IRQHandler  dma_stm32f4xx.o
    0x08000b6c   0x08000b6c   0x00000014   Code   RO         3055    i.DMA1_Stream4_IRQHandler  dma_stm32f4xx.o
    0x08000b80   0x08000b80   0x00000014   Code   RO         3056    i.DMA1_Stream5_IRQHandler  dma_stm32f4xx.o
    0x08000b94   0x08000b94   0x00000014   Code   RO         3057    i.DMA1_Stream6_IRQHandler  dma_stm32f4xx.o
    0x08000ba8   0x08000ba8   0x00000014   Code   RO         3058    i.DMA1_Stream7_IRQHandler  dma_stm32f4xx.o
    0x08000bbc   0x08000bbc   0x00000014   Code   RO         3059    i.DMA2_Stream0_IRQHandler  dma_stm32f4xx.o
    0x08000bd0   0x08000bd0   0x00000014   Code   RO         3060    i.DMA2_Stream1_IRQHandler  dma_stm32f4xx.o
    0x08000be4   0x08000be4   0x00000018   Code   RO         3061    i.DMA2_Stream2_IRQHandler  dma_stm32f4xx.o
    0x08000bfc   0x08000bfc   0x00000018   Code   RO         3062    i.DMA2_Stream3_IRQHandler  dma_stm32f4xx.o
    0x08000c14   0x08000c14   0x00000018   Code   RO         3063    i.DMA2_Stream4_IRQHandler  dma_stm32f4xx.o
    0x08000c2c   0x08000c2c   0x00000018   Code   RO         3064    i.DMA2_Stream5_IRQHandler  dma_stm32f4xx.o
    0x08000c44   0x08000c44   0x00000018   Code   RO         3065    i.DMA2_Stream6_IRQHandler  dma_stm32f4xx.o
    0x08000c5c   0x08000c5c   0x00000018   Code   RO         3066    i.DMA2_Stream7_IRQHandler  dma_stm32f4xx.o
    0x08000c74   0x08000c74   0x00000014   Code   RO          123    i.DMA_Cmd           stm32f4xx_dma.o
    0x08000c88   0x08000c88   0x00000124   Code   RO          124    i.DMA_DeInit        stm32f4xx_dma.o
    0x08000dac   0x08000dac   0x00000006   Code   RO          129    i.DMA_GetCurrDataCounter  stm32f4xx_dma.o
    0x08000db2   0x08000db2   0x0000002c   Code   RO          134    i.DMA_ITConfig      stm32f4xx_dma.o
    0x08000dde   0x08000dde   0x00000002   PAD
    0x08000de0   0x08000de0   0x00000054   Code   RO          135    i.DMA_Init          stm32f4xx_dma.o
    0x08000e34   0x08000e34   0x0000000a   Code   RO          136    i.DMA_MemoryTargetConfig  stm32f4xx_dma.o
    0x08000e3e   0x08000e3e   0x00000004   Code   RO          138    i.DMA_SetCurrDataCounter  stm32f4xx_dma.o
    0x08000e42   0x08000e42   0x00000022   Code   RO          139    i.DMA_StructInit    stm32f4xx_dma.o
    0x08000e64   0x08000e64   0x00000004   Code   RO         3189    i.EXTI0_IRQHandler  exti.o
    0x08000e68   0x08000e68   0x00000004   Code   RO         3190    i.EXTI15_10_IRQHandler  exti.o
    0x08000e6c   0x08000e6c   0x00000004   Code   RO         3191    i.EXTI1_IRQHandler  exti.o
    0x08000e70   0x08000e70   0x00000004   Code   RO         3192    i.EXTI2_IRQHandler  exti.o
    0x08000e74   0x08000e74   0x00000004   Code   RO         3193    i.EXTI3_IRQHandler  exti.o
    0x08000e78   0x08000e78   0x00000004   Code   RO         3194    i.EXTI4_IRQHandler  exti.o
    0x08000e7c   0x08000e7c   0x00000004   Code   RO         3195    i.EXTI9_5_IRQHandler  exti.o
    0x08000e80   0x08000e80   0x00000028   Code   RO         3199    i.EXTIInit          exti.o
    0x08000ea8   0x08000ea8   0x00000040   Code   RO         3201    i.EXTI_IRQHandler   exti.o
    0x08000ee8   0x08000ee8   0x00000094   Code   RO         2102    i.EnableGPIOClk     main.o
    0x08000f7c   0x08000f7c   0x000000a2   Code   RO          578    i.GPIO_Init         stm32f4xx_gpio.o
    0x0800101e   0x0800101e   0x00000020   Code   RO          579    i.GPIO_PinAFConfig  stm32f4xx_gpio.o
    0x0800103e   0x0800103e   0x00000012   Code   RO          587    i.GPIO_StructInit   stm32f4xx_gpio.o
    0x08001050   0x08001050   0x00000048   Code   RO         3377    i.IOConfigGPIO      io.o
    0x08001098   0x08001098   0x0000005c   Code   RO         3378    i.IOConfigGPIOAF    io.o
    0x080010f4   0x080010f4   0x0000006c   Code   RO         3379    i.IOGetByTag        io.o
    0x08001160   0x08001160   0x00000040   Code   RO         3380    i.IOGlobalInit      io.o
    0x080011a0   0x080011a0   0x0000000c   Code   RO         3381    i.IOHi              io.o
    0x080011ac   0x080011ac   0x00000006   Code   RO         3382    i.IOInit            io.o
    0x080011b2   0x080011b2   0x0000000e   Code   RO         3383    i.IOLo              io.o
    0x080011c0   0x080011c0   0x00000016   Code   RO         3384    i.IORead            io.o
    0x080011d6   0x080011d6   0x00000014   Code   RO         3386    i.IOToggle          io.o
    0x080011ea   0x080011ea   0x00000012   Code   RO         3387    i.IOWrite           io.o
    0x080011fc   0x080011fc   0x00000014   Code   RO         3392    i.IO_GPIOPinIdx     io.o
    0x08001210   0x08001210   0x00000018   Code   RO         3393    i.IO_GPIOPortIdx    io.o
    0x08001228   0x08001228   0x00000004   Code   RO         3394    i.IO_GPIO_PinSource  io.o
    0x0800122c   0x0800122c   0x00000088   Code   RO         3517    i.LedInit           led.o
    0x080012b4   0x080012b4   0x00000028   Code   RO         3518    i.LedSet            led.o
    0x080012dc   0x080012dc   0x00000010   Code   RO         3519    i.LedToggle         led.o
    0x080012ec   0x080012ec   0x00000064   Code   RO           13    i.NVIC_Init         misc.o
    0x08001350   0x08001350   0x00000014   Code   RO           14    i.NVIC_PriorityGroupConfig  misc.o
    0x08001364   0x08001364   0x00000018   Code   RO          793    i.RCC_AHB1PeriphClockCmd  stm32f4xx_rcc.o
    0x0800137c   0x0800137c   0x00000018   Code   RO          795    i.RCC_AHB1PeriphResetCmd  stm32f4xx_rcc.o
    0x08001394   0x08001394   0x00000018   Code   RO          796    i.RCC_AHB2PeriphClockCmd  stm32f4xx_rcc.o
    0x080013ac   0x080013ac   0x00000018   Code   RO          802    i.RCC_APB1PeriphClockCmd  stm32f4xx_rcc.o
    0x080013c4   0x080013c4   0x00000018   Code   RO          804    i.RCC_APB1PeriphResetCmd  stm32f4xx_rcc.o
    0x080013dc   0x080013dc   0x00000018   Code   RO          805    i.RCC_APB2PeriphClockCmd  stm32f4xx_rcc.o
    0x080013f4   0x080013f4   0x00000018   Code   RO          807    i.RCC_APB2PeriphResetCmd  stm32f4xx_rcc.o
    0x0800140c   0x0800140c   0x00000010   Code   RO          810    i.RCC_ClearFlag     stm32f4xx_rcc.o
    0x0800141c   0x0800141c   0x00000024   Code   RO         3833    i.RCC_ClockCmd      rcc.o
    0x08001440   0x08001440   0x00000090   Code   RO          814    i.RCC_GetClocksFreq  stm32f4xx_rcc.o
    0x080014d0   0x080014d0   0x00000024   Code   RO         3834    i.RCC_ResetCmd      rcc.o
    0x080014f4   0x080014f4   0x00000020   Code   RO         4746    i.ResetLedStatusConfig  config.o
    0x08001514   0x08001514   0x0000002c   Code   RO         4747    i.ResetLedTimerConfig  config.o
    0x08001540   0x08001540   0x0000004c   Code   RO         4749    i.ResetMotorConfig  config.o
    0x0800158c   0x0800158c   0x0000003c   Code   RO         4750    i.ResetSerialConfig  config.o
    0x080015c8   0x080015c8   0x00000064   Code   RO         4751    i.ResetSerialPinConfig  config.o
    0x0800162c   0x0800162c   0x00000014   Code   RO         1137    i.SPI_Cmd           stm32f4xx_spi.o
    0x08001640   0x08001640   0x00000084   Code   RO         1144    i.SPI_I2S_DeInit    stm32f4xx_spi.o
    0x080016c4   0x080016c4   0x0000000e   Code   RO         1145    i.SPI_I2S_GetFlagStatus  stm32f4xx_spi.o
    0x080016d2   0x080016d2   0x00000004   Code   RO         1148    i.SPI_I2S_ReceiveData  stm32f4xx_spi.o
    0x080016d6   0x080016d6   0x00000004   Code   RO         1149    i.SPI_I2S_SendData  stm32f4xx_spi.o
    0x080016da   0x080016da   0x00000038   Code   RO         1150    i.SPI_Init          stm32f4xx_spi.o
    0x08001712   0x08001712   0x00000002   PAD
    0x08001714   0x08001714   0x000000b4   Code   RO         2382    i.SetSysClock       system_stm32f4xx.o
    0x080017c8   0x080017c8   0x00000024   Code   RO         2453    i.SysTick_Handler   system.o
    0x080017ec   0x080017ec   0x00000024   Code   RO         2454    i.SysTick_Init      system.o
    0x08001810   0x08001810   0x0000005c   Code   RO         2384    i.SystemInit        system_stm32f4xx.o
    0x0800186c   0x0800186c   0x00000010   Code   RO         4457    i.TIM1_CC_IRQHandler  timer.o
    0x0800187c   0x0800187c   0x00000010   Code   RO         4458    i.TIM2_IRQHandler   timer.o
    0x0800188c   0x0800188c   0x00000010   Code   RO         4459    i.TIM3_IRQHandler   timer.o
    0x0800189c   0x0800189c   0x00000010   Code   RO         4460    i.TIM4_IRQHandler   timer.o
    0x080018ac   0x080018ac   0x00000014   Code   RO         1373    i.TIM_Cmd           stm32f4xx_tim.o
    0x080018c0   0x080018c0   0x00000016   Code   RO         1375    i.TIM_CtrlPWMOutputs  stm32f4xx_tim.o
    0x080018d6   0x080018d6   0x00000002   PAD
    0x080018d8   0x080018d8   0x00000060   Code   RO         1402    i.TIM_OC1Init       stm32f4xx_tim.o
    0x08001938   0x08001938   0x0000000c   Code   RO         1405    i.TIM_OC1PreloadConfig  stm32f4xx_tim.o
    0x08001944   0x08001944   0x00000080   Code   RO         1407    i.TIM_OC2Init       stm32f4xx_tim.o
    0x080019c4   0x080019c4   0x00000014   Code   RO         1410    i.TIM_OC2PreloadConfig  stm32f4xx_tim.o
    0x080019d8   0x080019d8   0x0000007c   Code   RO         1412    i.TIM_OC3Init       stm32f4xx_tim.o
    0x08001a54   0x08001a54   0x0000000c   Code   RO         1415    i.TIM_OC3PreloadConfig  stm32f4xx_tim.o
    0x08001a60   0x08001a60   0x00000060   Code   RO         1417    i.TIM_OC4Init       stm32f4xx_tim.o
    0x08001ac0   0x08001ac0   0x00000014   Code   RO         1419    i.TIM_OC4PreloadConfig  stm32f4xx_tim.o
    0x08001ad4   0x08001ad4   0x00000014   Code   RO         1420    i.TIM_OCStructInit  stm32f4xx_tim.o
    0x08001ae8   0x08001ae8   0x0000007c   Code   RO         1445    i.TIM_TimeBaseInit  stm32f4xx_tim.o
    0x08001b64   0x08001b64   0x00000012   Code   RO         1446    i.TIM_TimeBaseStructInit  stm32f4xx_tim.o
    0x08001b76   0x08001b76   0x00000002   PAD
    0x08001b78   0x08001b78   0x00000010   Code   RO         4343    i.USART1_IRQHandler  serial_uart_stm32f4xx.o
    0x08001b88   0x08001b88   0x00000010   Code   RO         4344    i.USART3_IRQHandler  serial_uart_stm32f4xx.o
    0x08001b98   0x08001b98   0x00000010   Code   RO         4345    i.USART6_IRQHandler  serial_uart_stm32f4xx.o
    0x08001ba8   0x08001ba8   0x0000000c   Code   RO         1911    i.USART_ClearITPendingBit  stm32f4xx_usart.o
    0x08001bb4   0x08001bb4   0x00000014   Code   RO         1914    i.USART_Cmd         stm32f4xx_usart.o
    0x08001bc8   0x08001bc8   0x00000010   Code   RO         1915    i.USART_DMACmd      stm32f4xx_usart.o
    0x08001bd8   0x08001bd8   0x0000003e   Code   RO         1918    i.USART_GetITStatus  stm32f4xx_usart.o
    0x08001c16   0x08001c16   0x00000014   Code   RO         1919    i.USART_HalfDuplexCmd  stm32f4xx_usart.o
    0x08001c2a   0x08001c2a   0x00000030   Code   RO         1920    i.USART_ITConfig    stm32f4xx_usart.o
    0x08001c5a   0x08001c5a   0x00000002   PAD
    0x08001c5c   0x08001c5c   0x000000ac   Code   RO         1921    i.USART_Init        stm32f4xx_usart.o
    0x08001d08   0x08001d08   0x00000008   Code   RO         1931    i.USART_SendData    stm32f4xx_usart.o
    0x08001d10   0x08001d10   0x00000034   Code   RO         4752    i.activateConfig    config.o
    0x08001d44   0x08001d44   0x00000050   Code   RO         5199    i.afatfs_FATGetNextCluster  asyncfatfs.o
    0x08001d94   0x08001d94   0x00000018   Code   RO         5200    i.afatfs_FATIsEndOfChainMarker  asyncfatfs.o
    0x08001dac   0x08001dac   0x00000040   Code   RO         5201    i.afatfs_FATSetNextCluster  asyncfatfs.o
    0x08001dec   0x08001dec   0x000000e8   Code   RO         5202    i.afatfs_allocateCacheSector  asyncfatfs.o
    0x08001ed4   0x08001ed4   0x0000008c   Code   RO         5203    i.afatfs_allocateDirectoryEntry  asyncfatfs.o
    0x08001f60   0x08001f60   0x00000034   Code   RO         5204    i.afatfs_allocateFileHandle  asyncfatfs.o
    0x08001f94   0x08001f94   0x000000d4   Code   RO         5205    i.afatfs_appendRegularFreeClusterContinue  asyncfatfs.o
    0x08002068   0x08002068   0x00000014   Code   RO         5206    i.afatfs_appendRegularFreeClusterInitOperationState  asyncfatfs.o
    0x0800207c   0x0800207c   0x0000006c   Code   RO         5207    i.afatfs_assert     asyncfatfs.o
    0x080020e8   0x080020e8   0x00000010   Code   RO         5208    i.afatfs_byteIndexInCluster  asyncfatfs.o
    0x080020f8   0x080020f8   0x0000005c   Code   RO         5209    i.afatfs_cacheFlushSector  asyncfatfs.o
    0x08002154   0x08002154   0x000000dc   Code   RO         5210    i.afatfs_cacheSector  asyncfatfs.o
    0x08002230   0x08002230   0x00000020   Code   RO         5211    i.afatfs_cacheSectorMarkDirty  asyncfatfs.o
    0x08002250   0x08002250   0x00000070   Code   RO         5212    i.afatfs_chdir      asyncfatfs.o
    0x080022c0   0x080022c0   0x00000010   Code   RO         5213    i.afatfs_clusterSize  asyncfatfs.o
    0x080022d0   0x080022d0   0x00000088   Code   RO         5214    i.afatfs_createFile  asyncfatfs.o
    0x08002358   0x08002358   0x00000190   Code   RO         5215    i.afatfs_createFileContinue  asyncfatfs.o
    0x080024e8   0x080024e8   0x0000011c   Code   RO         5216    i.afatfs_extendSubdirectoryContinue  asyncfatfs.o
    0x08002604   0x08002604   0x00000018   Code   RO         5217    i.afatfs_fatSectorToPhysical  asyncfatfs.o
    0x0800261c   0x0800261c   0x00000032   Code   RO         5218    i.afatfs_fclose     asyncfatfs.o
    0x0800264e   0x0800264e   0x00000002   PAD
    0x08002650   0x08002650   0x00000090   Code   RO         5219    i.afatfs_fcloseContinue  asyncfatfs.o
    0x080026e0   0x080026e0   0x00000038   Code   RO         5220    i.afatfs_fileGetCursorPhysicalSector  asyncfatfs.o
    0x08002718   0x08002718   0x00000006   Code   RO         5221    i.afatfs_fileGetNextCluster  asyncfatfs.o
    0x0800271e   0x0800271e   0x0000000c   Code   RO         5222    i.afatfs_fileIsBusy  asyncfatfs.o
    0x0800272a   0x0800272a   0x00000002   PAD
    0x0800272c   0x0800272c   0x000000c4   Code   RO         5223    i.afatfs_fileLockCursorSectorForWrite  asyncfatfs.o
    0x080027f0   0x080027f0   0x000000b4   Code   RO         5224    i.afatfs_fileOperationContinue  asyncfatfs.o
    0x080028a4   0x080028a4   0x00000078   Code   RO         5225    i.afatfs_fileRetainCursorSectorForRead  asyncfatfs.o
    0x0800291c   0x0800291c   0x00000054   Code   RO         5226    i.afatfs_fileUnlockCacheSector  asyncfatfs.o
    0x08002970   0x08002970   0x0000000e   Code   RO         5227    i.afatfs_fileUpdateFilesize  asyncfatfs.o
    0x0800297e   0x0800297e   0x00000002   PAD
    0x08002980   0x08002980   0x000000e4   Code   RO         5228    i.afatfs_findClusterWithCondition  asyncfatfs.o
    0x08002a64   0x08002a64   0x00000014   Code   RO         5229    i.afatfs_findFirst  asyncfatfs.o
    0x08002a78   0x08002a78   0x00000004   Code   RO         5230    i.afatfs_findLast   asyncfatfs.o
    0x08002a7c   0x08002a7c   0x00000054   Code   RO         5231    i.afatfs_findNext   asyncfatfs.o
    0x08002ad0   0x08002ad0   0x00000058   Code   RO         5232    i.afatfs_flush      asyncfatfs.o
    0x08002b28   0x08002b28   0x00000052   Code   RO         5233    i.afatfs_fopen      asyncfatfs.o
    0x08002b7a   0x08002b7a   0x00000002   PAD
    0x08002b7c   0x08002b7c   0x0000003c   Code   RO         5234    i.afatfs_fputc      asyncfatfs.o
    0x08002bb8   0x08002bb8   0x00000090   Code   RO         5236    i.afatfs_fseek      asyncfatfs.o
    0x08002c48   0x08002c48   0x00000078   Code   RO         5237    i.afatfs_fseekAtomic  asyncfatfs.o
    0x08002cc0   0x08002cc0   0x0000003a   Code   RO         5238    i.afatfs_fseekInternal  asyncfatfs.o
    0x08002cfa   0x08002cfa   0x0000007c   Code   RO         5239    i.afatfs_fseekInternalContinue  asyncfatfs.o
    0x08002d76   0x08002d76   0x0000003a   Code   RO         5240    i.afatfs_ftruncate  asyncfatfs.o
    0x08002db0   0x08002db0   0x000000b4   Code   RO         5241    i.afatfs_ftruncateContinue  asyncfatfs.o
    0x08002e64   0x08002e64   0x00000064   Code   RO         5242    i.afatfs_fwrite     asyncfatfs.o
    0x08002ec8   0x08002ec8   0x00000030   Code   RO         5243    i.afatfs_getCacheDescriptorIndexForBuffer  asyncfatfs.o
    0x08002ef8   0x08002ef8   0x00000040   Code   RO         5244    i.afatfs_getFATPositionForCluster  asyncfatfs.o
    0x08002f38   0x08002f38   0x0000000c   Code   RO         5245    i.afatfs_getFilesystemState  asyncfatfs.o
    0x08002f44   0x08002f44   0x00000030   Code   RO         5246    i.afatfs_getFreeBufferSpace  asyncfatfs.o
    0x08002f74   0x08002f74   0x00000018   Code   RO         5247    i.afatfs_init       asyncfatfs.o
    0x08002f8c   0x08002f8c   0x000000b0   Code   RO         5248    i.afatfs_initContinue  asyncfatfs.o
    0x0800303c   0x0800303c   0x00000014   Code   RO         5249    i.afatfs_initFileHandle  asyncfatfs.o
    0x08003050   0x08003050   0x00000030   Code   RO         5250    i.afatfs_isEndOfAllocatedFile  asyncfatfs.o
    0x08003080   0x08003080   0x0000000c   Code   RO         5251    i.afatfs_isFull     asyncfatfs.o
    0x0800308c   0x0800308c   0x00000026   Code   RO         5252    i.afatfs_mkdir      asyncfatfs.o
    0x080030b2   0x080030b2   0x00000002   PAD
    0x080030b4   0x080030b4   0x000000e4   Code   RO         5253    i.afatfs_parseVolumeID  asyncfatfs.o
    0x08003198   0x08003198   0x0000004c   Code   RO         5254    i.afatfs_poll       asyncfatfs.o
    0x080031e4   0x080031e4   0x0000006e   Code   RO         5255    i.afatfs_saveDirectoryEntry  asyncfatfs.o
    0x08003252   0x08003252   0x00000002   PAD
    0x08003254   0x08003254   0x00000060   Code   RO         5256    i.afatfs_sdcardReadComplete  asyncfatfs.o
    0x080032b4   0x080032b4   0x0000006c   Code   RO         5257    i.afatfs_sdcardWriteComplete  asyncfatfs.o
    0x08003320   0x08003320   0x0000000a   Code   RO         5258    i.afatfs_sectorIndexInCluster  asyncfatfs.o
    0x0800332a   0x0800332a   0x00000002   PAD
    0x0800332c   0x0800332c   0x00000084   Code   RO         6336    i.blackboxCreateLogFile  blackbox_io.o
    0x080033b0   0x080033b0   0x00000018   Code   RO         6337    i.blackboxDeviceBeginLog  blackbox_io.o
    0x080033c8   0x080033c8   0x0000003c   Code   RO         6339    i.blackboxDeviceOpen  blackbox_io.o
    0x08003404   0x08003404   0x0000001c   Code   RO         6340    i.blackboxLogDirCreated  blackbox_io.o
    0x08003420   0x08003420   0x0000005c   Code   RO         6341    i.blackboxLogFileCreated  blackbox_io.o
    0x0800347c   0x0800347c   0x0000002c   Code   RO         6342    i.blackboxPrint     blackbox_io.o
    0x080034a8   0x080034a8   0x00000044   Code   RO         6344    i.blackboxReplenishHeaderBudget  blackbox_io.o
    0x080034ec   0x080034ec   0x000000d4   Code   RO         6345    i.blackboxSDCardBeginLog  blackbox_io.o
    0x080035c0   0x080035c0   0x00000050   Code   RO         6277    i.blackboxSetState  blackbox.o
    0x08003610   0x08003610   0x00000010   Code   RO         6346    i.blackboxStopLogging  blackbox_io.o
    0x08003620   0x08003620   0x00000024   Code   RO         6347    i.blackboxWrite     blackbox_io.o
    0x08003644   0x08003644   0x00000060   Code   RO         6121    i.calculateNonDataDrivenChannel  rx.o
    0x080036a4   0x080036a4   0x00000034   Code   RO         6122    i.calculateRxChannelsAndUpdateFailsafe  rx.o
    0x080036d8   0x080036d8   0x00000004   Code   RO         4757    i.checkEEPROMContainsValidData  config.o
    0x080036dc   0x080036dc   0x0000004c   Code   RO         4462    i.configTimeBaseMhz  timer.o
    0x08003728   0x08003728   0x00000010   Code   RO         4758    i.constrain         config.o
    0x08003738   0x08003738   0x0000020c   Code   RO         4759    i.createDefaultConfig  config.o
    0x08003944   0x08003944   0x00000016   Code   RO         2455    i.delay             system.o
    0x0800395a   0x0800395a   0x00000002   PAD
    0x0800395c   0x0800395c   0x00000018   Code   RO         2456    i.delayMicroseconds  system.o
    0x08003974   0x08003974   0x00000110   Code   RO         6123    i.detectAndApplySignalLossBehaviour  rx.o
    0x08003a84   0x08003a84   0x00000010   Code   RO         5531    i.fat16_isEndOfChainMarker  fat_standard.o
    0x08003a94   0x08003a94   0x00000006   Code   RO         5532    i.fat32_decodeClusterNumber  fat_standard.o
    0x08003a9a   0x08003a9a   0x00000002   PAD
    0x08003a9c   0x08003a9c   0x00000014   Code   RO         5533    i.fat32_isEndOfChainMarker  fat_standard.o
    0x08003ab0   0x08003ab0   0x00000050   Code   RO         5534    i.fat_convertFilenameToFATStyle  fat_standard.o
    0x08003b00   0x08003b00   0x0000000e   Code   RO         5535    i.fat_isDirectoryEntryEmpty  fat_standard.o
    0x08003b0e   0x08003b0e   0x0000000c   Code   RO         5536    i.fat_isDirectoryEntryTerminator  fat_standard.o
    0x08003b1a   0x08003b1a   0x0000000a   Code   RO         5537    i.fat_isFreeSpace   fat_standard.o
    0x08003b24   0x08003b24   0x0000003a   Code   RO         5027    i.fcTasksInit       fc_tasks.o
    0x08003b5e   0x08003b5e   0x00000002   PAD
    0x08003b60   0x08003b60   0x00000014   Code   RO         5725    i.feature           feature.o
    0x08003b74   0x08003b74   0x00000010   Code   RO         5726    i.featureClear      feature.o
    0x08003b84   0x08003b84   0x00000014   Code   RO         5728    i.featureConfigured  feature.o
    0x08003b98   0x08003b98   0x00000010   Code   RO         5730    i.featureSet        feature.o
    0x08003ba8   0x08003ba8   0x00000028   Code   RO         4174    i.findNextSerialPortConfig  serial.o
    0x08003bd0   0x08003bd0   0x00000010   Code   RO         4175    i.findSerialPortConfig  serial.o
    0x08003be0   0x08003be0   0x0000001c   Code   RO         4176    i.findSerialPortIndexByIdentifier  serial.o
    0x08003bfc   0x08003bfc   0x00000028   Code   RO         4177    i.findSerialPortUsageByIdentifier  serial.o
    0x08003c24   0x08003c24   0x0000000e   Code   RO         2103    i.fputc             main.o
    0x08003c32   0x08003c32   0x00000012   Code   RO         6278    i.gcd               blackbox.o
    0x08003c44   0x08003c44   0x0000007c   Code   RO         4988    i.generateThrottleCurve  fc_rc.o
    0x08003cc0   0x08003cc0   0x0000000c   Code   RO         5585    i.getMotorCount     mixer.o
    0x08003ccc   0x08003ccc   0x0000002c   Code   RO         6124    i.getRxChannelCount  rx.o
    0x08003cf8   0x08003cf8   0x000000c4   Code   RO         6279    i.handleBlackbox    blackbox.o
    0x08003dbc   0x08003dbc   0x00000030   Code   RO         6280    i.initBlackbox      blackbox.o
    0x08003dec   0x08003dec   0x00000002   Code   RO         5669    i.initEEPROM        config_eeprom.o
    0x08003dee   0x08003dee   0x00000002   PAD
    0x08003df0   0x08003df0   0x0000002c   Code   RO         5586    i.initEscEndpoints  mixer.o
    0x08003e1c   0x08003e1c   0x00000006   Code   RO         5732    i.intFeatureClearAll  feature.o
    0x08003e22   0x08003e22   0x00000008   Code   RO         5733    i.intFeatureSet     feature.o
    0x08003e2a   0x08003e2a   0x00000026   Code   RO         5074    i.isModeActivationConditionPresent  rc_controls.o
    0x08003e50   0x08003e50   0x0000001a   Code   RO         4257    i.isUartTransmitBufferEmpty  serial_uart.o
    0x08003e6a   0x08003e6a   0x00000002   PAD
    0x08003e6c   0x08003e6c   0x00000014   Code   RO         5734    i.latchActiveFeatures  feature.o
    0x08003e80   0x08003e80   0x00000048   Code   RO         4464    i.lookupTimerIndex  timer.o
    0x08003ec8   0x08003ec8   0x000000dc   Code   RO         2104    i.main              main.o
    0x08003fa4   0x08003fa4   0x00000054   Code   RO         2457    i.micros            system.o
    0x08003ff8   0x08003ff8   0x0000004c   Code   RO         2458    i.microsISR         system.o
    0x08004044   0x08004044   0x0000000c   Code   RO         2459    i.millis            system.o
    0x08004050   0x08004050   0x00000028   Code   RO         5588    i.mixTable          mixer.o
    0x08004078   0x08004078   0x00000038   Code   RO         5589    i.mixerConfigurationOutput  mixer.o
    0x080040b0   0x080040b0   0x00000010   Code   RO         5590    i.mixerInit         mixer.o
    0x080040c0   0x080040c0   0x00000020   Code   RO         5591    i.mixerResetDisarmedMotors  mixer.o
    0x080040e0   0x080040e0   0x0000000c   Code   RO         5592    i.mixerUseConfigs   mixer.o
    0x080040ec   0x080040ec   0x00000118   Code   RO         3731    i.motorInit         pwm_output.o
    0x08004204   0x08004204   0x00000034   Code   RO         4938    i.mwArm             fc_core.o
    0x08004238   0x08004238   0x00000004   Code   RO         6125    i.nullFrameStatus   rx.o
    0x0800423c   0x0800423c   0x00000004   Code   RO         6126    i.nullReadRawRC     rx.o
    0x08004240   0x08004240   0x0000006c   Code   RO         4179    i.openSerialPort    serial.o
    0x080042ac   0x080042ac   0x00000038   Code   RO         6127    i.parseRcChannels   rx.o
    0x080042e4   0x080042e4   0x00000014   Code   RO         5075    i.processRcStickPositions  rc_controls.o
    0x080042f8   0x080042f8   0x0000000e   Code   RO         4939    i.processRx         fc_core.o
    0x08004306   0x08004306   0x00000002   PAD
    0x08004308   0x08004308   0x0000000c   Code   RO         3732    i.pwmAreMotorsEnabled  pwm_output.o
    0x08004314   0x08004314   0x0000000c   Code   RO         3733    i.pwmCompleteMotorUpdate  pwm_output.o
    0x08004320   0x08004320   0x00000038   Code   RO         3734    i.pwmCompleteOneshotMotorUpdate  pwm_output.o
    0x08004358   0x08004358   0x00000002   Code   RO         3735    i.pwmCompleteWriteUnused  pwm_output.o
    0x0800435a   0x0800435a   0x000000a0   Code   RO         3736    i.pwmOutConfigMhz   pwm_output.o
    0x080043fa   0x080043fa   0x00000002   PAD
    0x080043fc   0x080043fc   0x0000000c   Code   RO         3738    i.pwmWriteMotor     pwm_output.o
    0x08004408   0x08004408   0x00000014   Code   RO         3739    i.pwmWriteStandard  pwm_output.o
    0x0800441c   0x0800441c   0x00000002   Code   RO         3740    i.pwmWriteUnused    pwm_output.o
    0x0800441e   0x0800441e   0x00000002   PAD
    0x08004420   0x08004420   0x00000060   Code   RO         6430    i.queueAdd          scheduler.o
    0x08004480   0x08004480   0x0000001c   Code   RO         6431    i.queueClear        scheduler.o
    0x0800449c   0x0800449c   0x0000002c   Code   RO         6432    i.queueContains     scheduler.o
    0x080044c8   0x080044c8   0x00000014   Code   RO         6433    i.queueFirst        scheduler.o
    0x080044dc   0x080044dc   0x00000018   Code   RO         6434    i.queueNext         scheduler.o
    0x080044f4   0x080044f4   0x00000040   Code   RO         6435    i.queueRemove       scheduler.o
    0x08004534   0x08004534   0x0000003a   Code   RO         4159    i.readBitfield      sdcard_standard.o
    0x0800456e   0x0800456e   0x00000002   PAD
    0x08004570   0x08004570   0x0000001c   Code   RO         5671    i.readEEPROM        config_eeprom.o
    0x0800458c   0x0800458c   0x00000078   Code   RO         6128    i.readRxChannelsApplyRanges  rx.o
    0x08004604   0x08004604   0x00000018   Code   RO         6129    i.resetAllRxChannelRangeConfigurations  rx.o
    0x0800461c   0x0800461c   0x00000018   Code   RO         4762    i.resetEEPROM       config.o
    0x08004634   0x08004634   0x000000c4   Code   RO         4763    i.resetPidProfile   config.o
    0x080046f8   0x080046f8   0x0000005c   Code   RO         4764    i.resetProfile      config.o
    0x08004754   0x08004754   0x00000010   Code   RO         4765    i.resetRcControlsConfig  config.o
    0x08004764   0x08004764   0x000000d8   Code   RO         6130    i.rxInit            rx.o
    0x0800483c   0x0800483c   0x0000002c   Code   RO         3959    i.rxSerial3TestInit  rxserial3test.o
    0x08004868   0x08004868   0x00000010   Code   RO         3961    i.rxSerial3TestWrite  rxserial3test.o
    0x08004878   0x08004878   0x00000054   Code   RO         6131    i.rxUpdateCheck     rx.o
    0x080048cc   0x080048cc   0x00000050   Code   RO         6222    i.sbusDataReceiveCallBack  sbus.o
    0x0800491c   0x0800491c   0x000000d8   Code   RO         6223    i.sbusFrameStatus   sbus.o
    0x080049f4   0x080049f4   0x0000007c   Code   RO         6224    i.sbusInit          sbus.o
    0x08004a70   0x08004a70   0x0000001c   Code   RO         6225    i.sbusReadRawRC     sbus.o
    0x08004a8c   0x08004a8c   0x00000018   Code   RO         6047    i.scaleRange        maths.o
    0x08004aa4   0x08004aa4   0x0000018c   Code   RO         6436    i.scheduler         scheduler.o
    0x08004c30   0x08004c30   0x00000020   Code   RO         6437    i.schedulerInit     scheduler.o
    0x08004c50   0x08004c50   0x00000024   Code   RO         4035    i.sdcardInsertionDetectInit  sdcard.o
    0x08004c74   0x08004c74   0x00000068   Code   RO         4036    i.sdcard_beginWriteBlocks  sdcard.o
    0x08004cdc   0x08004cdc   0x00000024   Code   RO         4037    i.sdcard_deselect   sdcard.o
    0x08004d00   0x08004d00   0x00000048   Code   RO         4038    i.sdcard_endWriteBlocks  sdcard.o
    0x08004d48   0x08004d48   0x0000009c   Code   RO         4039    i.sdcard_fetchCSD   sdcard.o
    0x08004de4   0x08004de4   0x00000088   Code   RO         4040    i.sdcard_init       sdcard.o
    0x08004e6c   0x08004e6c   0x00000014   Code   RO         4041    i.sdcard_isInserted  sdcard.o
    0x08004e80   0x08004e80   0x000002c4   Code   RO         4042    i.sdcard_poll       sdcard.o
    0x08005144   0x08005144   0x00000060   Code   RO         4043    i.sdcard_readBlock  sdcard.o
    0x080051a4   0x080051a4   0x00000088   Code   RO         4044    i.sdcard_receiveCID  sdcard.o
    0x0800522c   0x0800522c   0x00000044   Code   RO         4045    i.sdcard_receiveDataBlock  sdcard.o
    0x08005270   0x08005270   0x00000048   Code   RO         4046    i.sdcard_reset      sdcard.o
    0x080052b8   0x080052b8   0x0000000c   Code   RO         4047    i.sdcard_select     sdcard.o
    0x080052c4   0x080052c4   0x0000001a   Code   RO         4048    i.sdcard_sendAppCommand  sdcard.o
    0x080052de   0x080052de   0x00000002   PAD
    0x080052e0   0x080052e0   0x0000005c   Code   RO         4049    i.sdcard_sendCommand  sdcard.o
    0x0800533c   0x0800533c   0x00000028   Code   RO         4050    i.sdcard_waitForIdle  sdcard.o
    0x08005364   0x08005364   0x00000024   Code   RO         4051    i.sdcard_waitForNonIdleByte  sdcard.o
    0x08005388   0x08005388   0x000000a4   Code   RO         4052    i.sdcard_writeBlock  sdcard.o
    0x0800542c   0x0800542c   0x00000034   Code   RO         4180    i.serialInit        serial.o
    0x08005460   0x08005460   0x00000012   Code   RO         6132    i.serialRxInit      rx.o
    0x08005472   0x08005472   0x00000002   PAD
    0x08005474   0x08005474   0x00000110   Code   RO         4346    i.serialUART        serial_uart_stm32f4xx.o
    0x08005584   0x08005584   0x0000000c   Code   RO         4347    i.serialUART1       serial_uart_stm32f4xx.o
    0x08005590   0x08005590   0x0000000c   Code   RO         4348    i.serialUART3       serial_uart_stm32f4xx.o
    0x0800559c   0x0800559c   0x0000000c   Code   RO         4349    i.serialUART6       serial_uart_stm32f4xx.o
    0x080055a8   0x080055a8   0x00000006   Code   RO         4182    i.serialWrite       serial.o
    0x080055ae   0x080055ae   0x00000002   PAD
    0x080055b0   0x080055b0   0x00000034   Code   RO         4769    i.setProfile        config.o
    0x080055e4   0x080055e4   0x00000034   Code   RO         6438    i.setTaskEnabled    scheduler.o
    0x08005618   0x08005618   0x00000030   Code   RO         2912    i.spiDeviceByInstance  bus_spi.o
    0x08005648   0x08005648   0x0000001c   Code   RO         2914    i.spiInit           bus_spi.o
    0x08005664   0x08005664   0x00000118   Code   RO         2915    i.spiInitDevice     bus_spi.o
    0x0800577c   0x0800577c   0x00000020   Code   RO         2916    i.spiIsBusBusy      bus_spi.o
    0x0800579c   0x0800579c   0x0000008a   Code   RO         2918    i.spiSetDivisor     bus_spi.o
    0x08005826   0x08005826   0x00000002   PAD
    0x08005828   0x08005828   0x00000024   Code   RO         2919    i.spiTimeoutUserCallback  bus_spi.o
    0x0800584c   0x0800584c   0x000000c8   Code   RO         2920    i.spiTransfer       bus_spi.o
    0x08005914   0x08005914   0x00000052   Code   RO         2921    i.spiTransferByte   bus_spi.o
    0x08005966   0x08005966   0x00000002   PAD
    0x08005968   0x08005968   0x00000038   Code   RO         6281    i.startBlackbox     blackbox.o
    0x080059a0   0x080059a0   0x00000050   Code   RO         2106    i.systemInit        main.o
    0x080059f0   0x080059f0   0x00000036   Code   RO         4770    i.targetConfiguration  config.o
    0x08005a26   0x08005a26   0x00000006   Code   RO         3520    i.taskLed3          led.o
    0x08005a2c   0x08005a2c   0x00000006   Code   RO         3521    i.taskLed4          led.o
    0x08005a32   0x08005a32   0x00000006   Code   RO         3522    i.taskLed5          led.o
    0x08005a38   0x08005a38   0x00000006   Code   RO         3523    i.taskLed6          led.o
    0x08005a3e   0x08005a3e   0x00000002   PAD
    0x08005a40   0x08005a40   0x00000064   Code   RO         4940    i.taskMainPidLoop   fc_core.o
    0x08005aa4   0x08005aa4   0x00000020   Code   RO         6439    i.taskSystem        scheduler.o
    0x08005ac4   0x08005ac4   0x00000018   Code   RO         5028    i.taskUpdateRxMain  fc_tasks.o
    0x08005adc   0x08005adc   0x0000007a   Code   RO         4465    i.timCCxHandler     timer.o
    0x08005b56   0x08005b56   0x0000000a   Code   RO         4467    i.timerChCCR        timer.o
    0x08005b60   0x08005b60   0x0000003c   Code   RO         4616    i.timerClockDivisor  timer_stm32f4xx.o
    0x08005b9c   0x08005b9c   0x00000034   Code   RO         4472    i.timerForceOverflow  timer.o
    0x08005bd0   0x08005bd0   0x0000003c   Code   RO         4473    i.timerGetByTag     timer.o
    0x08005c0c   0x08005c0c   0x00000084   Code   RO         4474    i.timerInit         timer.o
    0x08005c90   0x08005c90   0x00000028   Code   RO         4477    i.timerOCInit       timer.o
    0x08005cb8   0x08005cb8   0x00000028   Code   RO         4478    i.timerOCPreloadConfig  timer.o
    0x08005ce0   0x08005ce0   0x00000024   Code   RO         4479    i.timerRCC          timer.o
    0x08005d04   0x08005d04   0x00000096   Code   RO         4350    i.uartIrqHandler    serial_uart_stm32f4xx.o
    0x08005d9a   0x08005d9a   0x00000002   PAD
    0x08005d9c   0x08005d9c   0x00000174   Code   RO         4258    i.uartOpen          serial_uart.o
    0x08005f10   0x08005f10   0x0000002c   Code   RO         4259    i.uartRead          serial_uart.o
    0x08005f3c   0x08005f3c   0x0000008c   Code   RO         4260    i.uartReconfigure   serial_uart.o
    0x08005fc8   0x08005fc8   0x00000006   Code   RO         4261    i.uartSetBaudRate   serial_uart.o
    0x08005fce   0x08005fce   0x00000006   Code   RO         4262    i.uartSetMode       serial_uart.o
    0x08005fd4   0x08005fd4   0x0000004a   Code   RO         4263    i.uartStartTxDMA    serial_uart.o
    0x0800601e   0x0800601e   0x00000018   Code   RO         4264    i.uartTotalRxBytesWaiting  serial_uart.o
    0x08006036   0x08006036   0x00000026   Code   RO         4265    i.uartTotalTxBytesFree  serial_uart.o
    0x0800605c   0x0800605c   0x00000030   Code   RO         4266    i.uartWrite         serial_uart.o
    0x0800608c   0x0800608c   0x00000130   Code   RO         4990    i.updateRcCommands  fc_rc.o
    0x080061bc   0x080061bc   0x0000001c   Code   RO         5076    i.useRcControlsConfig  rc_controls.o
    0x080061d8   0x080061d8   0x00000040   Code   RO         4771    i.validateAndFixConfig  config.o
    0x08006218   0x08006218   0x0000002c   Code   RO         4772    i.validateAndFixGyroConfig  config.o
    0x08006244   0x08006244   0x00000050   Code   RO         6282    i.validateBlackboxConfig  blackbox.o
    0x08006294   0x08006294   0x00000034   Code   RO         5593    i.writeMotors       mixer.o
    0x080062c8   0x080062c8   0x0000002c   Code   RO         6851    locale$$code        c_w.l(lc_ctype_c.o)
    0x080062f4   0x080062f4   0x0000000a   Code   RO         6858    x$fpl$fpinit        fz_wm.l(fpinit.o)
    0x080062fe   0x080062fe   0x00000002   PAD
    0x08006300   0x08006300   0x000000a8   Data   RO         2425    .constdata          target.o
    0x080063a8   0x080063a8   0x0000001a   Data   RO         2922    .constdata          bus_spi.o
    0x080063c2   0x080063c2   0x00000016   Data   RO         3398    .constdata          io.o
    0x080063d8   0x080063d8   0x00000003   Data   RO         4184    .constdata          serial.o
    0x080063db   0x080063db   0x00000001   PAD
    0x080063dc   0x080063dc   0x00000028   Data   RO         4267    .constdata          serial_uart.o
    0x08006404   0x08006404   0x00000070   Data   RO         4617    .constdata          timer_stm32f4xx.o
    0x08006474   0x08006474   0x00000038   Data   RO         5260    .constdata          asyncfatfs.o
    0x080064ac   0x080064ac   0x00000040   Data   RO         5595    .constdata          mixer.o
    0x080064ec   0x080064ec   0x0000001c   Data   RO         6135    .constdata          rx.o
    0x08006508   0x08006508   0x00000017   Data   RO         6349    .constdata          blackbox_io.o
    0x0800651f   0x0800651f   0x00000001   PAD
    0x08006520   0x08006520   0x00000037   Data   RO         5029    .conststring        fc_tasks.o
    0x08006557   0x08006557   0x00000001   PAD
    0x08006558   0x08006558   0x00000020   Data   RO         6951    Region$$Table       anon$$obj.o
    0x08006578   0x08006578   0x00000110   Data   RO         6850    locale$$data        c_w.l(lc_ctype_c.o)


    Execution Region RW_IRAM1 (Exec base: 0x20000000, Load base: 0x08006688, Size: 0x00003798, Max: 0x00020000, ABSOLUTE, COMPRESSED[0x00000178])

    Exec Addr    Load Addr    Size         Type   Attr      Idx    E Section Name        Object

    0x20000000   COMPRESSED   0x00000010   Data   RW          846    .data               stm32f4xx_rcc.o
    0x20000010   COMPRESSED   0x00000001   Data   RW         2107    .data               main.o
    0x20000011   COMPRESSED   0x00000003   PAD
    0x20000014   COMPRESSED   0x00000004   Data   RW         2108    .data               main.o
    0x20000018   COMPRESSED   0x00000014   Data   RW         2386    .data               system_stm32f4xx.o
    0x2000002c   COMPRESSED   0x0000000c   Data   RW         2461    .data               system.o
    0x20000038   COMPRESSED   0x00000020   Data   RW         2923    .data               bus_spi.o
    0x20000058   COMPRESSED   0x000001c0   Data   RW         3069    .data               dma_stm32f4xx.o
    0x20000218   COMPRESSED   0x00000007   Data   RW         3204    .data               exti.o
    0x2000021f   COMPRESSED   0x00000001   Data   RW         3525    .data               led.o
    0x20000220   COMPRESSED   0x0000000c   Data   RW         3742    .data               pwm_output.o
    0x2000022c   COMPRESSED   0x00000004   Data   RW         3962    .data               rxserial3test.o
    0x20000230   COMPRESSED   0x00000008   Data   RW         4054    .data               sdcard.o
    0x20000238   COMPRESSED   0x00000008   Data   RW         4186    .data               serial.o
    0x20000240   COMPRESSED   0x0000047c   Data   RW         4351    .data               serial_uart_stm32f4xx.o
    0x200006bc   COMPRESSED   0x0000047c   Data   RW         4352    .data               serial_uart_stm32f4xx.o
    0x20000b38   COMPRESSED   0x0000047c   Data   RW         4353    .data               serial_uart_stm32f4xx.o
    0x20000fb4   COMPRESSED   0x00000018   Data   RW         4354    .data               serial_uart_stm32f4xx.o
    0x20000fcc   COMPRESSED   0x00000006   Data   RW         4481    .data               timer.o
    0x20000fd2   COMPRESSED   0x00000002   PAD
    0x20000fd4   COMPRESSED   0x0000000c   Data   RW         4774    .data               config.o
    0x20000fe0   COMPRESSED   0x00000008   Data   RW         4942    .data               fc_core.o
    0x20000fe8   COMPRESSED   0x00000001   Data   RW         4943    .data               fc_core.o
    0x20000fe9   COMPRESSED   0x00000003   PAD
    0x20000fec   COMPRESSED   0x00000004   Data   RW         4992    .data               fc_rc.o
    0x20000ff0   COMPRESSED   0x00000208   Data   RW         5030    .data               fc_tasks.o
    0x200011f8   COMPRESSED   0x0000000c   Data   RW         5077    .data               rc_controls.o
    0x20001204   COMPRESSED   0x00000008   Data   RW         5078    .data               rc_controls.o
    0x2000120c   COMPRESSED   0x00000001   Data   RW         5118    .data               runtime_config.o
    0x2000120d   COMPRESSED   0x00000003   PAD
    0x20001210   COMPRESSED   0x0000001c   Data   RW         5596    .data               mixer.o
    0x2000122c   COMPRESSED   0x00000004   Data   RW         5735    .data               feature.o
    0x20001230   COMPRESSED   0x00000020   Data   RW         6137    .data               rx.o
    0x20001250   COMPRESSED   0x00000008   Data   RW         6227    .data               sbus.o
    0x20001258   COMPRESSED   0x00000008   Data   RW         6261    .data               debug.o
    0x20001260   COMPRESSED   0x00000001   Data   RW         6262    .data               debug.o
    0x20001261   COMPRESSED   0x00000003   PAD
    0x20001264   COMPRESSED   0x0000000c   Data   RW         6284    .data               blackbox.o
    0x20001270   COMPRESSED   0x00000008   Data   RW         6350    .data               blackbox_io.o
    0x20001278   COMPRESSED   0x00000024   Data   RW         6441    .data               scheduler.o
    0x2000129c        -       0x00000010   Zero   RW         2460    .bss                system.o
    0x200012ac        -       0x00000040   Zero   RW         3202    .bss                exti.o
    0x200012ec        -       0x00000280   Zero   RW         3397    .bss                io.o
    0x2000156c        -       0x00000010   Zero   RW         3524    .bss                led.o
    0x2000157c        -       0x00000140   Zero   RW         3741    .bss                pwm_output.o
    0x200016bc        -       0x00000050   Zero   RW         4053    .bss                sdcard.o
    0x2000170c        -       0x00000024   Zero   RW         4183    .bss                serial.o
    0x20001730        -       0x000000fe   Zero   RW         4480    .bss                timer.o
    0x2000182e   COMPRESSED   0x00000002   PAD
    0x20001830        -       0x00000374   Zero   RW         4773    .bss                config.o
    0x20001ba4        -       0x00000018   Zero   RW         4991    .bss                fc_rc.o
    0x20001bbc        -       0x000011cc   Zero   RW         5259    .bss                asyncfatfs.o
    0x20002d88        -       0x000000f0   Zero   RW         5594    .bss                mixer.o
    0x20002e78        -       0x000000dc   Zero   RW         6134    .bss                rx.o
    0x20002f54        -       0x00000064   Zero   RW         6226    .bss                sbus.o
    0x20002fb8        -       0x00000138   Zero   RW         6283    .bss                blackbox.o
    0x200030f0        -       0x00000018   Zero   RW         6348    .bss                blackbox_io.o
    0x20003108        -       0x0000002c   Zero   RW         6440    .bss                scheduler.o
    0x20003134        -       0x00000060   Zero   RW         6791    .bss                c_w.l(libspace.o)
    0x20003194   COMPRESSED   0x00000004   PAD
    0x20003198        -       0x00000200   Zero   RW            2    HEAP                startup_stm32f407xx.o
    0x20003398        -       0x00000400   Zero   RW            1    STACK               startup_stm32f407xx.o


==============================================================================

Image component sizes


      Code (inc. data)   RO Data    RW Data    ZI Data      Debug   Object Name

         0          0          0          0          0       3056   accgyro_i2c_mpu9250.o
         0          0          0          0          0       1696   accgyro_spi_mpu9250.o
      5594        354         56          0       4556      59686   asyncfatfs.o
       478         98          0         12        312       5697   blackbox.o
       712        200         23          8         24       7523   blackbox_io.o
       844         96         26         32          0       6720   bus_spi.o
         0          0          0          0          0        908   button.o
      1450         96          0         12        884      15532   config.o
        30          4          0          0          0       1010   config_eeprom.o
         0          0          0          9          0        550   debug.o
       340         84          0        448          0      10204   dma_stm32f4xx.o
       132         16          0          7         64       5639   exti.o
       158          6          0          0          0       5157   fat_standard.o
       166         20          0          9          0       2991   fc_core.o
       428         38          0          4         24       2691   fc_rc.o
        82          4         55        520          0       3139   fc_tasks.o
       106         30          0          4          0       4559   feature.o
         0          0          0          0          0       3278   gps.o
       476         38         22          0        640      16640   io.o
       216         22          0          1         16       4363   led.o
       462         66          0          5          0      63384   main.o
        24          0          0          0          0        725   maths.o
       120         14          0          0          0     313599   misc.o
       264         62         64         28        240       7020   mixer.o
         0          0          0          0          0       2829   pwm.o
       556         56          0         12        320      10707   pwm_output.o
        86         12          0         20          0       4975   rc_controls.o
        72          0          0          0          0       1310   rcc.o
         0          0          0          1          0        266   runtime_config.o
       990         90         28         32        220      14181   rx.o
        60         10          0          4          0       1705   rxserial3test.o
       448         44          0          8        100       4243   sbus.o
       788        100          0         36         44       9748   scheduler.o
      2010        138          0          8         80      18765   sdcard.o
        58          0          0          0          0       1339   sdcard_standard.o
       290         46          3          8         36       8942   serial.o
       778         12         40          0          0       9005   serial_uart.o
       506         26          0       3468          0       6804   serial_uart_stm32f4xx.o
        64         26        392          0       1536        896   startup_stm32f407xx.o
       494         24          0          0          0       6853   stm32f4xx_dma.o
       212          0          0          0          0       2569   stm32f4xx_gpio.o
       328         58          0         16          0       8327   stm32f4xx_rcc.o
       230         24          0          0          0       4663   stm32f4xx_spi.o
       712         60          0          0          0      10565   stm32f4xx_tim.o
       358          8          0          0          0       6686   stm32f4xx_usart.o
       290         38          0         12         16       7118   system.o
       272         36          0         20          0       2129   system_stm32f4xx.o
         0          0        168          0          0       2303   target.o
       704         78          0          6        254      12759   timer.o
        60         22        112          0          0       2895   timer_stm32f4xx.o

    ----------------------------------------------------------------------
     22504       2156       1024       4764       9368     708349   Object Totals
         0          0         32          0          0          0   (incl. Generated)
        56          0          3         14          2          0   (incl. Padding)

    ----------------------------------------------------------------------

      Code (inc. data)   RO Data    RW Data    ZI Data      Debug   Library Member Name

        90          0          0          0          0          0   __dczerorl2.o
         8          0          0          0          0         68   __main.o
       104          0          0          0          0         84   __printf.o
         0          0          0          0          0          0   __rtentry.o
        12          0          0          0          0          0   __rtentry2.o
         6          0          0          0          0          0   __rtentry4.o
        52          8          0          0          0          0   __scatter.o
        28          0          0          0          0          0   __scatter_zi.o
        28          0          0          0          0         68   _chval.o
        44          0          0          0          0        108   _printf_char.o
        48          6          0          0          0         96   _printf_char_common.o
        36          4          0          0          0         80   _printf_char_file.o
         6          0          0          0          0          0   _printf_d.o
       120         16          0          0          0         92   _printf_dec.o
       178          0          0          0          0         88   _printf_intcommon.o
         0          0          0          0          0          0   _printf_percent.o
         4          0          0          0          0          0   _printf_percent_end.o
         6          0          0          0          0          0   _printf_s.o
        82          0          0          0          0         80   _printf_str.o
         6          0          0          0          0          0   _printf_u.o
       158          0          0          0          0         92   _strtoul.o
        16          0          0          0          0         68   aeabi_memset.o
        26          0          0          0          0         80   atoi.o
        18          0          0          0          0         80   exit.o
         8          0          0          0          0         68   ferror.o
         6          0          0          0          0        152   heapauxi.o
         0          0          0          0          0          0   indicate_semi.o
        44         10        272          0          0         76   lc_ctype_c.o
         2          0          0          0          0          0   libinit.o
        24          0          0          0          0          0   libinit2.o
         2          0          0          0          0          0   libshutdown.o
         2          0          0          0          0          0   libshutdown2.o
         8          4          0          0         96         68   libspace.o
        24          4          0          0          0         84   noretval__2printf.o
        16          4          0          0          0         76   rt_ctype_table.o
         8          4          0          0          0         68   rt_errno_addr_intlibspace.o
         8          4          0          0          0         68   rt_locale_intlibspace.o
        68          0          0          0          0         68   rt_memclr.o
        78          0          0          0          0         80   rt_memclr_w.o
       138          0          0          0          0         68   rt_memcpy_v6.o
       100          0          0          0          0         80   rt_memcpy_w.o
       122          0          0          0          0         80   rt_memmove_w.o
         2          0          0          0          0          0   rtexit.o
        10          0          0          0          0          0   rtexit2.o
        20          0          0          0          0         68   strchr.o
       128          0          0          0          0         68   strcmpv7m.o
        62          0          0          0          0         76   strlen.o
       150          0          0          0          0         80   strncmp.o
        86          0          0          0          0         76   strncpy.o
       112          0          0          0          0         88   strtol.o
        12          4          0          0          0         68   sys_exit.o
        74          0          0          0          0         80   sys_stackheap_outer.o
        30          0          0          0          0         76   toupper.o
         2          0          0          0          0         68   use_no_semi.o
        10          0          0          0          0        116   fpinit.o

    ----------------------------------------------------------------------
      2448         68        272          0        100       2984   Library Totals
        16          0          0          0          4          0   (incl. Padding)

    ----------------------------------------------------------------------

      Code (inc. data)   RO Data    RW Data    ZI Data      Debug   Library Name

      2422         68        272          0         96       2868   c_w.l
        10          0          0          0          0        116   fz_wm.l

    ----------------------------------------------------------------------
      2448         68        272          0        100       2984   Library Totals

    ----------------------------------------------------------------------

==============================================================================


      Code (inc. data)   RO Data    RW Data    ZI Data      Debug   

     24952       2224       1296       4764       9468     676969   Grand Totals
     24952       2224       1296        376       9468     676969   ELF Image Totals (compressed)
     24952       2224       1296        376          0          0   ROM Totals

==============================================================================

    Total RO  Size (Code + RO Data)                26248 (  25.63kB)
    Total RW  Size (RW Data + ZI Data)             14232 (  13.90kB)
    Total ROM Size (Code + RO Data + RW Data)      26624 (  26.00kB)

==============================================================================

